{"name": "commuting-polynomial-4", "modulus": 0, "degree": 8, "bits": 32, "workers": 4, "shared": true, "progressError": null, "passed": true, "independentCompletion": true, "mutualReduction": true, "criticalCompositionsChecked": 10, "seconds": 0.000885109999899214}
{"name": "commuting-polynomial-4", "modulus": 2, "degree": 8, "bits": 32, "workers": 4, "shared": true, "progressError": null, "passed": true, "independentCompletion": true, "mutualReduction": true, "criticalCompositionsChecked": 10, "seconds": 0.0005630859998291271}
{"name": "commuting-polynomial-4", "modulus": 101, "degree": 8, "bits": 32, "workers": 4, "shared": true, "progressError": null, "passed": true, "independentCompletion": true, "mutualReduction": true, "criticalCompositionsChecked": 10, "seconds": 0.0005081940000764007}
{"name": "exterior-6", "modulus": 0, "degree": 8, "bits": 32, "workers": 4, "shared": true, "progressError": null, "passed": true, "independentCompletion": true, "mutualReduction": true, "criticalCompositionsChecked": 77, "seconds": 0.004768677999891224}
{"name": "exterior-6", "modulus": 2, "degree": 8, "bits": 32, "workers": 4, "shared": true, "progressError": null, "passed": true, "independentCompletion": true, "mutualReduction": true, "criticalCompositionsChecked": 77, "seconds": 0.006013107999933709}
{"name": "exterior-6", "modulus": 101, "degree": 8, "bits": 32, "workers": 4, "shared": true, "progressError": null, "passed": true, "independentCompletion": true, "mutualReduction": true, "criticalCompositionsChecked": 77, "seconds": 0.006074540999861711}
{"name": "homogenized-Weyl-1-mode", "modulus": 0, "degree": 8, "bits": 32, "workers": 4, "shared": true, "progressError": null, "passed": true, "independentCompletion": true, "mutualReduction": true, "criticalCompositionsChecked": 4, "seconds": 0.0003588899999158457}
{"name": "homogenized-Weyl-1-mode", "modulus": 2, "degree": 8, "bits": 32, "workers": 4, "shared": true, "progressError": null, "passed": true, "independentCompletion": true, "mutualReduction": true, "criticalCompositionsChecked": 4, "seconds": 0.00019686600012391864}
{"name": "homogenized-Weyl-1-mode", "modulus": 101, "degree": 8, "bits": 32, "workers": 4, "shared": true, "progressError": null, "passed": true, "independentCompletion": true, "mutualReduction": true, "criticalCompositionsChecked": 4, "seconds": 0.00018534800005909347}
{"name": "homogenized-Weyl-2-mode", "modulus": 0, "degree": 8, "bits": 32, "workers": 4, "shared": true, "progressError": null, "passed": true, "independentCompletion": true, "mutualReduction": true, "criticalCompositionsChecked": 20, "seconds": 0.0015570200000638579}
{"name": "homogenized-Weyl-2-mode", "modulus": 2, "degree": 8, "bits": 32, "workers": 4, "shared": true, "progressError": null, "passed": true, "independentCompletion": true, "mutualReduction": true, "criticalCompositionsChecked": 20, "seconds": 0.001366292999819052}
{"name": "homogenized-Weyl-2-mode", "modulus": 101, "degree": 8, "bits": 32, "workers": 4, "shared": true, "progressError": null, "passed": true, "independentCompletion": true, "mutualReduction": true, "criticalCompositionsChecked": 20, "seconds": 0.0013557580000451708}
{"name": "homogenized-Clifford-4", "modulus": 0, "degree": 8, "bits": 32, "workers": 4, "shared": true, "progressError": null, "passed": true, "independentCompletion": true, "mutualReduction": true, "criticalCompositionsChecked": 44, "seconds": 0.0028751109998665925}
{"name": "homogenized-Clifford-4", "modulus": 2, "degree": 8, "bits": 32, "workers": 4, "shared": true, "progressError": null, "passed": true, "independentCompletion": true, "mutualReduction": true, "criticalCompositionsChecked": 44, "seconds": 0.002861611000071207}
{"name": "homogenized-Clifford-4", "modulus": 101, "degree": 8, "bits": 32, "workers": 4, "shared": true, "progressError": null, "passed": true, "independentCompletion": true, "mutualReduction": true, "criticalCompositionsChecked": 44, "seconds": 0.00289251799995327}
{"name": "homogenized-sl2", "modulus": 0, "degree": 8, "bits": 32, "workers": 4, "shared": true, "progressError": null, "passed": true, "independentCompletion": true, "mutualReduction": true, "criticalCompositionsChecked": 10, "seconds": 0.0008326710001256288}
{"name": "homogenized-sl2", "modulus": 2, "degree": 8, "bits": 32, "workers": 4, "shared": true, "progressError": null, "passed": true, "independentCompletion": true, "mutualReduction": true, "criticalCompositionsChecked": 10, "seconds": 0.0005381490000218037}
{"name": "homogenized-sl2", "modulus": 101, "degree": 8, "bits": 32, "workers": 4, "shared": true, "progressError": null, "passed": true, "independentCompletion": true, "mutualReduction": true, "criticalCompositionsChecked": 10, "seconds": 0.0005563370000345458}
{"name": "homogenized-q-oscillator-2", "modulus": 0, "degree": 8, "bits": 32, "workers": 4, "shared": true, "progressError": null, "passed": true, "independentCompletion": true, "mutualReduction": true, "criticalCompositionsChecked": 4, "seconds": 0.00030164400004650815}
{"name": "homogenized-q-oscillator-2", "modulus": 2, "degree": 8, "bits": 32, "workers": 4, "shared": true, "progressError": null, "passed": true, "independentCompletion": true, "mutualReduction": true, "criticalCompositionsChecked": 4, "seconds": 0.0001867109999693639}
{"name": "homogenized-q-oscillator-2", "modulus": 101, "degree": 8, "bits": 32, "workers": 4, "shared": true, "progressError": null, "passed": true, "independentCompletion": true, "mutualReduction": true, "criticalCompositionsChecked": 4, "seconds": 0.0001848379999955796}
{"name": "homogenized-q-oscillator-1073741827", "modulus": 0, "degree": 8, "bits": 32, "workers": 4, "shared": true, "progressError": null, "passed": true, "independentCompletion": true, "mutualReduction": true, "criticalCompositionsChecked": 4, "seconds": 0.0003000809999775811}
{"name": "homogenized-q-oscillator-1073741827", "modulus": 2, "degree": 8, "bits": 32, "workers": 4, "shared": true, "progressError": null, "passed": true, "independentCompletion": true, "mutualReduction": true, "criticalCompositionsChecked": 4, "seconds": 0.00018341600002713676}
{"name": "homogenized-q-oscillator-1073741827", "modulus": 101, "degree": 8, "bits": 32, "workers": 4, "shared": true, "progressError": null, "passed": true, "independentCompletion": true, "mutualReduction": true, "criticalCompositionsChecked": 4, "seconds": 0.00020366599983390188}
{"name": "FK3", "modulus": 0, "degree": 7, "bits": 32, "workers": 4, "shared": true, "progressError": null, "passed": true, "independentCompletion": true, "mutualReduction": true, "criticalCompositionsChecked": 17, "seconds": 0.0009377300000323885}
{"name": "FK3", "modulus": 2, "degree": 7, "bits": 32, "workers": 4, "shared": true, "progressError": null, "passed": true, "independentCompletion": true, "mutualReduction": true, "criticalCompositionsChecked": 17, "seconds": 0.0006431970000448928}
{"name": "FK3", "modulus": 101, "degree": 7, "bits": 32, "workers": 4, "shared": true, "progressError": null, "passed": true, "independentCompletion": true, "mutualReduction": true, "criticalCompositionsChecked": 17, "seconds": 0.0006574579999778507}
{"name": "FK4", "modulus": 0, "degree": 13, "bits": 32, "workers": 4, "shared": true, "progressError": null, "passed": true, "independentCompletion": true, "mutualReduction": true, "criticalCompositionsChecked": 133, "seconds": 0.018002220999960628}
{"name": "FK4", "modulus": 2, "degree": 13, "bits": 32, "workers": 4, "shared": true, "progressError": null, "passed": true, "independentCompletion": true, "mutualReduction": true, "criticalCompositionsChecked": 133, "seconds": 0.01762118700003157}
{"name": "FK4", "modulus": 101, "degree": 13, "bits": 32, "workers": 4, "shared": true, "progressError": null, "passed": true, "independentCompletion": true, "mutualReduction": true, "criticalCompositionsChecked": 133, "seconds": 0.018301129000064975}
{"name": "FK6-original-order", "modulus": 0, "degree": 4, "bits": 32, "workers": 4, "shared": true, "progressError": null, "passed": true, "independentCompletion": true, "mutualReduction": true, "criticalCompositionsChecked": 1558, "seconds": 0.7576059160001023}
{"name": "FK6-original-order", "modulus": 2, "degree": 4, "bits": 32, "workers": 4, "shared": true, "progressError": null, "passed": true, "independentCompletion": true, "mutualReduction": true, "criticalCompositionsChecked": 1558, "seconds": 1.680796947999852}
{"name": "FK6-original-order", "modulus": 101, "degree": 4, "bits": 32, "workers": 4, "shared": true, "progressError": null, "passed": true, "independentCompletion": true, "mutualReduction": true, "criticalCompositionsChecked": 1558, "seconds": 1.717539047000173}
{"name": "homogeneous-braid-3", "modulus": 0, "degree": 7, "bits": 32, "workers": 4, "shared": true, "progressError": null, "passed": true, "independentCompletion": true, "mutualReduction": true, "criticalCompositionsChecked": 8, "seconds": 0.0005924909999066585}
{"name": "homogeneous-braid-3", "modulus": 2, "degree": 7, "bits": 32, "workers": 4, "shared": true, "progressError": null, "passed": true, "independentCompletion": true, "mutualReduction": true, "criticalCompositionsChecked": 8, "seconds": 0.0002798299999540177}
{"name": "homogeneous-braid-3", "modulus": 101, "degree": 7, "bits": 32, "workers": 4, "shared": true, "progressError": null, "passed": true, "independentCompletion": true, "mutualReduction": true, "criticalCompositionsChecked": 8, "seconds": 0.00025119800011452753}
{"name": "long-word-33", "modulus": 0, "degree": 34, "bits": 32, "workers": 4, "shared": true, "progressError": null, "passed": true, "independentCompletion": true, "mutualReduction": true, "criticalCompositionsChecked": 3, "seconds": 0.0009910100000070088}

