{
  "kind": "canonical-normalization-not-Groebner-certification",
  "independentGroebnerCertificate": false,
  "degree": 12,
  "modulus": 0,
  "variables": [
    "a",
    "b",
    "c",
    "d",
    "e",
    "f",
    "g",
    "h",
    "k",
    "m",
    "n",
    "p",
    "q",
    "r",
    "s"
  ],
  "files": [
    {
      "path": "/mnt/data/work061/fomkyr/results/0.6.1/rational-macros-d12-resume/storage/fomkyr/alg-17c5a3b13bbae1fd6e03ece75139f297d437bda2ae062b093d77a92f091b88bf/basis.gnb",
      "rules": 4872,
      "canonicalSHA256": "622bfae0312c262eeab7319f5e9ebd4daf7e811a489cc71aa2ab663224ee72b9",
      "properSubwordChecks": 790471,
      "matcherStates": 8441,
      "minimalLeaders": true,
      "tailReduced": true,
      "monic": true
    }
  ],
  "passed": true,
  "elapsedSeconds": 7.198044447000029
}
