{"name": "commuting-polynomial-4", "modulus": 0, "field": "Q", "degree": 8, "passed": true, "rules": 6, "criticalCompositionsChecked": 10, "independentCompletion": true, "mutualReductionWithPlainAndOracle": true, "seconds": 0.0028899650000084876}
{"name": "commuting-polynomial-4", "modulus": 2, "field": "F2", "degree": 8, "passed": true, "rules": 6, "criticalCompositionsChecked": 10, "independentCompletion": true, "mutualReductionWithPlainAndOracle": true, "seconds": 0.0019096469999340115}
{"name": "commuting-polynomial-4", "modulus": 101, "field": "F101", "degree": 8, "passed": true, "rules": 6, "criticalCompositionsChecked": 10, "independentCompletion": true, "mutualReductionWithPlainAndOracle": true, "seconds": 0.0018627069999865853}
{"name": "exterior-6", "modulus": 0, "field": "Q", "degree": 8, "passed": true, "rules": 21, "criticalCompositionsChecked": 77, "independentCompletion": true, "mutualReductionWithPlainAndOracle": true, "seconds": 0.007477079000068443}
{"name": "exterior-6", "modulus": 2, "field": "F2", "degree": 8, "passed": true, "rules": 21, "criticalCompositionsChecked": 77, "independentCompletion": true, "mutualReductionWithPlainAndOracle": true, "seconds": 0.009386845999983962}
{"name": "exterior-6", "modulus": 101, "field": "F101", "degree": 8, "passed": true, "rules": 21, "criticalCompositionsChecked": 77, "independentCompletion": true, "mutualReductionWithPlainAndOracle": true, "seconds": 0.009163951000005}
{"name": "homogenized-Weyl-1-mode", "modulus": 0, "field": "Q", "degree": 8, "passed": true, "rules": 3, "criticalCompositionsChecked": 4, "independentCompletion": true, "mutualReductionWithPlainAndOracle": true, "seconds": 0.00178853500005971}
{"name": "homogenized-Weyl-1-mode", "modulus": 2, "field": "F2", "degree": 8, "passed": true, "rules": 3, "criticalCompositionsChecked": 4, "independentCompletion": true, "mutualReductionWithPlainAndOracle": true, "seconds": 0.0015791999999237305}
{"name": "homogenized-Weyl-1-mode", "modulus": 101, "field": "F101", "degree": 8, "passed": true, "rules": 3, "criticalCompositionsChecked": 4, "independentCompletion": true, "mutualReductionWithPlainAndOracle": true, "seconds": 0.0014703059999874313}
{"name": "homogenized-Weyl-2-mode", "modulus": 0, "field": "Q", "degree": 8, "passed": true, "rules": 10, "criticalCompositionsChecked": 20, "independentCompletion": true, "mutualReductionWithPlainAndOracle": true, "seconds": 0.003238060000057885}
{"name": "homogenized-Weyl-2-mode", "modulus": 2, "field": "F2", "degree": 8, "passed": true, "rules": 10, "criticalCompositionsChecked": 20, "independentCompletion": true, "mutualReductionWithPlainAndOracle": true, "seconds": 0.0031247690000100192}
{"name": "homogenized-Weyl-2-mode", "modulus": 101, "field": "F101", "degree": 8, "passed": true, "rules": 10, "criticalCompositionsChecked": 20, "independentCompletion": true, "mutualReductionWithPlainAndOracle": true, "seconds": 0.005778438999982427}
{"name": "homogenized-Clifford-4", "modulus": 0, "field": "Q", "degree": 8, "passed": true, "rules": 14, "criticalCompositionsChecked": 44, "independentCompletion": true, "mutualReductionWithPlainAndOracle": true, "seconds": 0.004794134999997368}
{"name": "homogenized-Clifford-4", "modulus": 2, "field": "F2", "degree": 8, "passed": true, "rules": 14, "criticalCompositionsChecked": 44, "independentCompletion": true, "mutualReductionWithPlainAndOracle": true, "seconds": 0.004868495999971856}
{"name": "homogenized-Clifford-4", "modulus": 101, "field": "F101", "degree": 8, "passed": true, "rules": 14, "criticalCompositionsChecked": 44, "independentCompletion": true, "mutualReductionWithPlainAndOracle": true, "seconds": 0.004860114999928555}
{"name": "homogenized-sl2", "modulus": 0, "field": "Q", "degree": 8, "passed": true, "rules": 6, "criticalCompositionsChecked": 10, "independentCompletion": true, "mutualReductionWithPlainAndOracle": true, "seconds": 0.002205062999905749}
{"name": "homogenized-sl2", "modulus": 2, "field": "F2", "degree": 8, "passed": true, "rules": 6, "criticalCompositionsChecked": 10, "independentCompletion": true, "mutualReductionWithPlainAndOracle": true, "seconds": 0.0019337139999606734}
{"name": "homogenized-sl2", "modulus": 101, "field": "F101", "degree": 8, "passed": true, "rules": 6, "criticalCompositionsChecked": 10, "independentCompletion": true, "mutualReductionWithPlainAndOracle": true, "seconds": 0.002139465000027485}
{"name": "homogenized-q-oscillator-2", "modulus": 0, "field": "Q", "degree": 8, "passed": true, "rules": 3, "criticalCompositionsChecked": 4, "independentCompletion": true, "mutualReductionWithPlainAndOracle": true, "seconds": 0.0016430160000027172}
{"name": "homogenized-q-oscillator-2", "modulus": 2, "field": "F2", "degree": 8, "passed": true, "rules": 3, "criticalCompositionsChecked": 4, "independentCompletion": true, "mutualReductionWithPlainAndOracle": true, "seconds": 0.0012516259999983959}
{"name": "homogenized-q-oscillator-2", "modulus": 101, "field": "F101", "degree": 8, "passed": true, "rules": 3, "criticalCompositionsChecked": 4, "independentCompletion": true, "mutualReductionWithPlainAndOracle": true, "seconds": 0.0017786899999236994}
{"name": "homogenized-q-oscillator-1073741827", "modulus": 0, "field": "Q", "degree": 8, "passed": true, "rules": 3, "criticalCompositionsChecked": 4, "independentCompletion": true, "mutualReductionWithPlainAndOracle": true, "seconds": 0.0015230049999672701}
{"name": "homogenized-q-oscillator-1073741827", "modulus": 2, "field": "F2", "degree": 8, "passed": true, "rules": 3, "criticalCompositionsChecked": 4, "independentCompletion": true, "mutualReductionWithPlainAndOracle": true, "seconds": 0.019629211999927065}
{"name": "homogenized-q-oscillator-1073741827", "modulus": 101, "field": "F101", "degree": 8, "passed": true, "rules": 3, "criticalCompositionsChecked": 4, "independentCompletion": true, "mutualReductionWithPlainAndOracle": true, "seconds": 0.001612539999996443}
{"name": "FK3", "modulus": 0, "field": "Q", "degree": 7, "passed": true, "rules": 6, "criticalCompositionsChecked": 17, "independentCompletion": true, "mutualReductionWithPlainAndOracle": true, "seconds": 0.0022899209999422965}
{"name": "FK3", "modulus": 2, "field": "F2", "degree": 7, "passed": true, "rules": 6, "criticalCompositionsChecked": 17, "independentCompletion": true, "mutualReductionWithPlainAndOracle": true, "seconds": 0.0020946270000195}
{"name": "FK3", "modulus": 101, "field": "F101", "degree": 7, "passed": true, "rules": 6, "criticalCompositionsChecked": 17, "independentCompletion": true, "mutualReductionWithPlainAndOracle": true, "seconds": 0.0019986519999974917}
{"name": "FK4", "modulus": 0, "field": "Q", "degree": 13, "passed": true, "rules": 25, "criticalCompositionsChecked": 133, "independentCompletion": true, "mutualReductionWithPlainAndOracle": true, "seconds": 0.021554062000063823}
{"name": "FK4", "modulus": 2, "field": "F2", "degree": 13, "passed": true, "rules": 25, "criticalCompositionsChecked": 133, "independentCompletion": true, "mutualReductionWithPlainAndOracle": true, "seconds": 0.024119848999930582}
{"name": "FK4", "modulus": 101, "field": "F101", "degree": 13, "passed": true, "rules": 25, "criticalCompositionsChecked": 133, "independentCompletion": true, "mutualReductionWithPlainAndOracle": true, "seconds": 0.022806561000038528}
{"name": "FK6-original-order", "modulus": 0, "field": "Q", "degree": 4, "passed": true, "rules": 265, "criticalCompositionsChecked": 1558, "independentCompletion": true, "mutualReductionWithPlainAndOracle": true, "seconds": 1.0313211320000164}
{"name": "FK6-original-order", "modulus": 2, "field": "F2", "degree": 4, "passed": true, "rules": 265, "criticalCompositionsChecked": 1558, "independentCompletion": true, "mutualReductionWithPlainAndOracle": true, "seconds": 2.3125471179999977}
{"name": "FK6-original-order", "modulus": 101, "field": "F101", "degree": 4, "passed": true, "rules": 265, "criticalCompositionsChecked": 1558, "independentCompletion": true, "mutualReductionWithPlainAndOracle": true, "seconds": 2.4185881449999442}
{"name": "homogeneous-braid-3", "modulus": 0, "field": "Q", "degree": 7, "passed": true, "rules": 4, "criticalCompositionsChecked": 8, "independentCompletion": true, "mutualReductionWithPlainAndOracle": true, "seconds": 0.002235832999986087}
{"name": "homogeneous-braid-3", "modulus": 2, "field": "F2", "degree": 7, "passed": true, "rules": 4, "criticalCompositionsChecked": 8, "independentCompletion": true, "mutualReductionWithPlainAndOracle": true, "seconds": 0.0015223099999275291}
{"name": "homogeneous-braid-3", "modulus": 101, "field": "F101", "degree": 7, "passed": true, "rules": 4, "criticalCompositionsChecked": 8, "independentCompletion": true, "mutualReductionWithPlainAndOracle": true, "seconds": 0.0014728649999824484}
{"name": "long-word-33", "modulus": 0, "field": "Q", "degree": 34, "passed": true, "rules": 2, "criticalCompositionsChecked": 3, "independentCompletion": true, "mutualReductionWithPlainAndOracle": true, "seconds": 0.0026666209998893464}
PASSED 37 case/field combinations
