{"name": "commuting-polynomial-4", "modulus": 0, "field": "Q", "degree": 8, "passed": true, "rules": 6, "criticalCompositionsChecked": 10, "independentCompletion": true, "mutualReductionWithPlainAndOracle": true, "seconds": 0.0025101220001033653}
{"name": "commuting-polynomial-4", "modulus": 2, "field": "F2", "degree": 8, "passed": true, "rules": 6, "criticalCompositionsChecked": 10, "independentCompletion": true, "mutualReductionWithPlainAndOracle": true, "seconds": 0.0020187119998809067}
{"name": "commuting-polynomial-4", "modulus": 101, "field": "F101", "degree": 8, "passed": true, "rules": 6, "criticalCompositionsChecked": 10, "independentCompletion": true, "mutualReductionWithPlainAndOracle": true, "seconds": 0.0019246189999648777}
{"name": "exterior-6", "modulus": 0, "field": "Q", "degree": 8, "passed": true, "rules": 21, "criticalCompositionsChecked": 77, "independentCompletion": true, "mutualReductionWithPlainAndOracle": true, "seconds": 0.007419327999969028}
{"name": "exterior-6", "modulus": 2, "field": "F2", "degree": 8, "passed": true, "rules": 21, "criticalCompositionsChecked": 77, "independentCompletion": true, "mutualReductionWithPlainAndOracle": true, "seconds": 0.008900218999997378}
{"name": "exterior-6", "modulus": 101, "field": "F101", "degree": 8, "passed": true, "rules": 21, "criticalCompositionsChecked": 77, "independentCompletion": true, "mutualReductionWithPlainAndOracle": true, "seconds": 0.009617309000077512}
{"name": "homogenized-Weyl-1-mode", "modulus": 0, "field": "Q", "degree": 8, "passed": true, "rules": 3, "criticalCompositionsChecked": 4, "independentCompletion": true, "mutualReductionWithPlainAndOracle": true, "seconds": 0.0017950139999811654}
{"name": "homogenized-Weyl-1-mode", "modulus": 2, "field": "F2", "degree": 8, "passed": true, "rules": 3, "criticalCompositionsChecked": 4, "independentCompletion": true, "mutualReductionWithPlainAndOracle": true, "seconds": 0.0015230250000968226}
{"name": "homogenized-Weyl-1-mode", "modulus": 101, "field": "F101", "degree": 8, "passed": true, "rules": 3, "criticalCompositionsChecked": 4, "independentCompletion": true, "mutualReductionWithPlainAndOracle": true, "seconds": 0.0016404610000790854}
{"name": "homogenized-Weyl-2-mode", "modulus": 0, "field": "Q", "degree": 8, "passed": true, "rules": 10, "criticalCompositionsChecked": 20, "independentCompletion": true, "mutualReductionWithPlainAndOracle": true, "seconds": 0.003126029999975799}
{"name": "homogenized-Weyl-2-mode", "modulus": 2, "field": "F2", "degree": 8, "passed": true, "rules": 10, "criticalCompositionsChecked": 20, "independentCompletion": true, "mutualReductionWithPlainAndOracle": true, "seconds": 0.0031293550000555115}
{"name": "homogenized-Weyl-2-mode", "modulus": 101, "field": "F101", "degree": 8, "passed": true, "rules": 10, "criticalCompositionsChecked": 20, "independentCompletion": true, "mutualReductionWithPlainAndOracle": true, "seconds": 0.005429940000112765}
{"name": "homogenized-Clifford-4", "modulus": 0, "field": "Q", "degree": 8, "passed": true, "rules": 14, "criticalCompositionsChecked": 44, "independentCompletion": true, "mutualReductionWithPlainAndOracle": true, "seconds": 0.0046328800001447235}
{"name": "homogenized-Clifford-4", "modulus": 2, "field": "F2", "degree": 8, "passed": true, "rules": 14, "criticalCompositionsChecked": 44, "independentCompletion": true, "mutualReductionWithPlainAndOracle": true, "seconds": 0.004891129000043293}
{"name": "homogenized-Clifford-4", "modulus": 101, "field": "F101", "degree": 8, "passed": true, "rules": 14, "criticalCompositionsChecked": 44, "independentCompletion": true, "mutualReductionWithPlainAndOracle": true, "seconds": 0.005389880999928209}
{"name": "homogenized-sl2", "modulus": 0, "field": "Q", "degree": 8, "passed": true, "rules": 6, "criticalCompositionsChecked": 10, "independentCompletion": true, "mutualReductionWithPlainAndOracle": true, "seconds": 0.002617434000057983}
{"name": "homogenized-sl2", "modulus": 2, "field": "F2", "degree": 8, "passed": true, "rules": 6, "criticalCompositionsChecked": 10, "independentCompletion": true, "mutualReductionWithPlainAndOracle": true, "seconds": 0.0021176699999614357}
{"name": "homogenized-sl2", "modulus": 101, "field": "F101", "degree": 8, "passed": true, "rules": 6, "criticalCompositionsChecked": 10, "independentCompletion": true, "mutualReductionWithPlainAndOracle": true, "seconds": 0.0018769069999962085}
{"name": "homogenized-q-oscillator-2", "modulus": 0, "field": "Q", "degree": 8, "passed": true, "rules": 3, "criticalCompositionsChecked": 4, "independentCompletion": true, "mutualReductionWithPlainAndOracle": true, "seconds": 0.0016641570000501815}
{"name": "homogenized-q-oscillator-2", "modulus": 2, "field": "F2", "degree": 8, "passed": true, "rules": 3, "criticalCompositionsChecked": 4, "independentCompletion": true, "mutualReductionWithPlainAndOracle": true, "seconds": 0.0014069999999719585}
{"name": "homogenized-q-oscillator-2", "modulus": 101, "field": "F101", "degree": 8, "passed": true, "rules": 3, "criticalCompositionsChecked": 4, "independentCompletion": true, "mutualReductionWithPlainAndOracle": true, "seconds": 0.001505237999936071}
{"name": "homogenized-q-oscillator-1073741827", "modulus": 0, "field": "Q", "degree": 8, "passed": true, "rules": 3, "criticalCompositionsChecked": 4, "independentCompletion": true, "mutualReductionWithPlainAndOracle": true, "seconds": 0.0014768549999644165}
{"name": "homogenized-q-oscillator-1073741827", "modulus": 2, "field": "F2", "degree": 8, "passed": true, "rules": 3, "criticalCompositionsChecked": 4, "independentCompletion": true, "mutualReductionWithPlainAndOracle": true, "seconds": 0.0015626739998424455}
{"name": "homogenized-q-oscillator-1073741827", "modulus": 101, "field": "F101", "degree": 8, "passed": true, "rules": 3, "criticalCompositionsChecked": 4, "independentCompletion": true, "mutualReductionWithPlainAndOracle": true, "seconds": 0.0014437160000397853}
{"name": "FK3", "modulus": 0, "field": "Q", "degree": 7, "passed": true, "rules": 6, "criticalCompositionsChecked": 17, "independentCompletion": true, "mutualReductionWithPlainAndOracle": true, "seconds": 0.0024408970000422414}
{"name": "FK3", "modulus": 2, "field": "F2", "degree": 7, "passed": true, "rules": 6, "criticalCompositionsChecked": 17, "independentCompletion": true, "mutualReductionWithPlainAndOracle": true, "seconds": 0.0021310199999788892}
{"name": "FK3", "modulus": 101, "field": "F101", "degree": 7, "passed": true, "rules": 6, "criticalCompositionsChecked": 17, "independentCompletion": true, "mutualReductionWithPlainAndOracle": true, "seconds": 0.001979060999929061}
{"name": "FK4", "modulus": 0, "field": "Q", "degree": 13, "passed": true, "rules": 25, "criticalCompositionsChecked": 133, "independentCompletion": true, "mutualReductionWithPlainAndOracle": true, "seconds": 0.021600182000156565}
{"name": "FK4", "modulus": 2, "field": "F2", "degree": 13, "passed": true, "rules": 25, "criticalCompositionsChecked": 133, "independentCompletion": true, "mutualReductionWithPlainAndOracle": true, "seconds": 0.023358381000207373}
{"name": "FK4", "modulus": 101, "field": "F101", "degree": 13, "passed": true, "rules": 25, "criticalCompositionsChecked": 133, "independentCompletion": true, "mutualReductionWithPlainAndOracle": true, "seconds": 0.023409408000134135}
{"name": "FK6-original-order", "modulus": 0, "field": "Q", "degree": 4, "passed": true, "rules": 265, "criticalCompositionsChecked": 1558, "independentCompletion": true, "mutualReductionWithPlainAndOracle": true, "seconds": 0.8283248610000555}
{"name": "FK6-original-order", "modulus": 2, "field": "F2", "degree": 4, "passed": true, "rules": 265, "criticalCompositionsChecked": 1558, "independentCompletion": true, "mutualReductionWithPlainAndOracle": true, "seconds": 1.9614658680000048}
{"name": "FK6-original-order", "modulus": 101, "field": "F101", "degree": 4, "passed": true, "rules": 265, "criticalCompositionsChecked": 1558, "independentCompletion": true, "mutualReductionWithPlainAndOracle": true, "seconds": 1.9110067359999903}
{"name": "homogeneous-braid-3", "modulus": 0, "field": "Q", "degree": 7, "passed": true, "rules": 4, "criticalCompositionsChecked": 8, "independentCompletion": true, "mutualReductionWithPlainAndOracle": true, "seconds": 0.0021481559999756428}
{"name": "homogeneous-braid-3", "modulus": 2, "field": "F2", "degree": 7, "passed": true, "rules": 4, "criticalCompositionsChecked": 8, "independentCompletion": true, "mutualReductionWithPlainAndOracle": true, "seconds": 0.0015363239999715006}
{"name": "homogeneous-braid-3", "modulus": 101, "field": "F101", "degree": 7, "passed": true, "rules": 4, "criticalCompositionsChecked": 8, "independentCompletion": true, "mutualReductionWithPlainAndOracle": true, "seconds": 0.001424455999995189}
{"name": "long-word-33", "modulus": 0, "field": "Q", "degree": 34, "passed": true, "rules": 2, "criticalCompositionsChecked": 3, "independentCompletion": true, "mutualReductionWithPlainAndOracle": true, "seconds": 0.002626706999990347}
PASSED 37 case/field combinations
