FK6-d9-baseline-0.5-0 1313.8
FK6-d9-direct-0.6-0 870.73
FK6-d9-direct-0.6-1 919.57
FK6-d9-baseline-0.5-1 1267.38
FK6-d9-baseline-0.5-2 1309.02
FK6-d9-direct-0.6-2 867.73
FK6-d10-baseline-0.5-0 6816.6
FK6-d10-direct-0.6-0 3978.17
FK6-d10-direct-0.6-1 4357.16
FK6-d10-baseline-0.5-1 6880.43
FK6-d10-baseline-0.5-2 6904.42
FK6-d10-direct-0.6-2 3751.7
P6-d12-baseline-0.5-0 233.59
P6-d12-direct-0.6-0 243.64
P6-d12-direct-0.6-1 227.25
P6-d12-baseline-0.5-1 231.0
P6-d12-baseline-0.5-2 215.67
P6-d12-direct-0.6-2 220.27
FK6-d10-pin-only-0 6409.35
FK6-d10-rewrites-only-0 3727.91
FK6-d10-with-progress-0 3593.64
FK6-d10-pin-only-1 6441.15
FK6-d10-rewrites-only-1 3890.39
FK6-d10-with-progress-1 3747.99
FK6-d10-pin-only-2 6818.75
FK6-d10-rewrites-only-2 4163.71
FK6-d10-with-progress-2 3635.38
PAIRED BENCHMARKS COMPLETE
