Error: fomkyr: CANCELLED
    at checked (file:///mnt/data/work061/fomkyr/web/runtime.js:6:23)
    at Array.forEach (<anonymous>)
    at FomkyrEngine.completeDegree (file:///mnt/data/work061/fomkyr/web/engine.js:209:40)
    at async FomkyrEngine.compute (file:///mnt/data/work061/fomkyr/web/engine.js:286:101)
    at async file:///mnt/data/work061/fomkyr/tests/deep_trial.mjs:13:47 {
  code: 'CANCELLED',
  native: {
    basisSize: 4323,
    terms: 526579,
    completedThroughDegree: 11,
    currentDegree: 12,
    allocatedBytes: 185313520,
    budgetBytes: 536870912,
    diskBytes: 12776232,
    pairs: 3136,
    monomialPairsPruned: 0,
    zeroCommits: 2013,
    workers: 4,
    prefixNodes: 37632,
    peakAllocatedBytes: 185313520,
    rationalCompiledRewritesEnabled: false,
    modulus: 0,
    monomialPruning: true,
    heapReduction: true,
    reductions: 206702744,
    monomialTermsPruned: 84545262,
    diskReads: 0,
    diskReadBytes: 0,
    reducerCacheHits: 0,
    sharedReducerCacheBytes: 33554432,
    sharedReducerCacheUsedBytes: 12776232,
    rewriteDegree: 4,
    rewriteUsedBytes: 1819872,
    rewriteBudgetBytes: 8388608,
    rewriteEntries: 46534,
    rewriteDeclined: 260,
    rewriteTableStatus: 1,
    rewriteSnapshot: 265,
    costScheduling: true,
    wordCacheEntries: 256,
    wordCacheBytes: 0,
    chainPairsPruned: 0,
    matcherNodes: 5421,
    matcherAllocatedBytes: 2621440,
    matcherBuilds: 1,
    matcherFallbacks: 0,
    hashProbes: 927987,
    matcherQueries: 126808983,
    matcherCharacters: 1139844297,
    wordCacheHits: 418381,
    heapAttempts: 4136,
    heapSuccesses: 3887,
    heapFallbacks: 249,
    insertionPrunes: 82201681,
    commutingPrunes: 29448671,
    quadraticSwaps: 98653294,
    rationalHeapAttempts: 249,
    rationalHeapSuccesses: 248,
    rationalHeapFallbacks: 1,
    pinnedReducerHits: 126593839,
    localRewriteHits: 80097769,
    integerHeapSteps: 93066312,
    rationalHeapSteps: 113181731,
    rationalCompiledRewriteHits: 0,
    rationalWorkspaceMisses: 0,
    rationalCoefficientMisses: 0,
    rationalArithmeticMisses: 0,
    rationalTableRetries: 1376,
    complete: false,
    lastCheckpoint: {
      abi: 3,
      version: '0.6.0',
      identity: '17c5a3b13bbae1fd6e03ece75139f297d437bda2ae062b093d77a92f091b88bf',
      basisSize: 3232,
      terms: 236305,
      completedThroughDegree: 11,
      currentDegree: 0,
      allocatedBytes: 187681712,
      budgetBytes: 536870912,
      diskBytes: 5774744,
      pairs: 74609,
      monomialPairsPruned: 15,
      zeroCommits: 71477,
      workers: 4,
      prefixNodes: 25631,
      peakAllocatedBytes: 187681712,
      monomialPruning: true,
      heapReduction: true,
      reductions: 195076371,
      monomialTermsPruned: 93368491,
      diskReads: 0,
      diskReadBytes: 0,
      reducerCacheHits: 0,
      sharedReducerCacheBytes: 33554432,
      sharedReducerCacheUsedBytes: 5774744,
      rewriteDegree: 4,
      rewriteUsedBytes: 1819872,
      rewriteBudgetBytes: 8388608,
      rewriteEntries: 46534,
      rewriteDeclined: 260,
      rewriteTableStatus: 1,
      rewriteSnapshot: 265,
      costScheduling: true,
      wordCacheEntries: 256,
      wordCacheBytes: 0,
      chainPairsPruned: 2112,
      matcherNodes: 3497,
      matcherAllocatedBytes: 5222400,
      matcherBuilds: 9,
      matcherFallbacks: 0,
      hashProbes: 520182,
      matcherQueries: 31556235,
      matcherCharacters: 307700190,
      wordCacheHits: 1731051,
      heapAttempts: 63061,
      heapSuccesses: 62870,
      heapFallbacks: 191,
      insertionPrunes: 89271184,
      commutingPrunes: 31278037,
      quadraticSwaps: 181792316,
      rationalHeapAttempts: 191,
      rationalHeapSuccesses: 191,
      rationalHeapFallbacks: 0,
      pinnedReducerHits: 32820363,
      localRewriteHits: 162347161,
      integerHeapSteps: 183545028,
      rationalHeapSteps: 10930432,
      runKey: 'alg-17c5a3b13bbae1fd6e03ece75139f297d437bda2ae062b093d77a92f091b88bf',
      updatedAt: '2026-10-02T20:58:54.375Z'
    },
    runKey: 'alg-17c5a3b13bbae1fd6e03ece75139f297d437bda2ae062b093d77a92f091b88bf'
  }
}
{"status":"incomplete","elapsedMs":240238.200791,"error":"fomkyr: CANCELLED"}
