{"elapsedMs":176.09027600000002,"type":"degree","basisSize":0,"terms":0,"completedThroughDegree":1,"currentDegree":0,"allocatedBytes":181838064,"budgetBytes":536870912,"diskBytes":0,"pairs":0,"monomialPairsPruned":0,"zeroCommits":0,"workers":4,"prefixNodes":0,"peakAllocatedBytes":181838064,"monomialPruning":true,"heapReduction":true,"reductions":0,"monomialTermsPruned":0,"diskReads":0,"diskReadBytes":0,"reducerCacheHits":0,"sharedReducerCacheBytes":33554432,"sharedReducerCacheUsedBytes":0,"rewriteDegree":4,"rewriteUsedBytes":0,"rewriteBudgetBytes":8388608,"rewriteEntries":0,"rewriteDeclined":0,"rewriteTableStatus":0,"rewriteSnapshot":0,"costScheduling":true,"wordCacheEntries":256,"wordCacheBytes":0,"chainPairsPruned":0,"matcherNodes":0,"matcherAllocatedBytes":0,"matcherBuilds":0,"matcherFallbacks":0,"hashProbes":0,"matcherQueries":0,"matcherCharacters":0,"wordCacheHits":0,"heapAttempts":0,"heapSuccesses":0,"heapFallbacks":0,"insertionPrunes":0,"commutingPrunes":0,"quadraticSwaps":0,"rationalHeapAttempts":0,"rationalHeapSuccesses":0,"rationalHeapFallbacks":0,"pinnedReducerHits":0,"localRewriteHits":0,"integerHeapSteps":0,"rationalHeapSteps":0,"scheduler":{"epochs":0,"dispatchedPairs":0,"rpcMessages":6,"reduceMs":0,"commitMs":0,"fallbacks":0}}
{"elapsedMs":179.12762199999997,"type":"degree","basisSize":100,"terms":225,"completedThroughDegree":2,"currentDegree":0,"allocatedBytes":181924080,"budgetBytes":536870912,"diskBytes":8600,"pairs":0,"monomialPairsPruned":0,"zeroCommits":0,"workers":4,"prefixNodes":100,"peakAllocatedBytes":181924080,"monomialPruning":true,"heapReduction":true,"reductions":0,"monomialTermsPruned":0,"diskReads":0,"diskReadBytes":0,"reducerCacheHits":0,"sharedReducerCacheBytes":33554432,"sharedReducerCacheUsedBytes":8600,"rewriteDegree":4,"rewriteUsedBytes":0,"rewriteBudgetBytes":8388608,"rewriteEntries":0,"rewriteDeclined":0,"rewriteTableStatus":0,"rewriteSnapshot":0,"costScheduling":true,"wordCacheEntries":256,"wordCacheBytes":0,"chainPairsPruned":0,"matcherNodes":116,"matcherAllocatedBytes":20480,"matcherBuilds":1,"matcherFallbacks":0,"hashProbes":672,"matcherQueries":0,"matcherCharacters":0,"wordCacheHits":0,"heapAttempts":0,"heapSuccesses":0,"heapFallbacks":0,"insertionPrunes":0,"commutingPrunes":0,"quadraticSwaps":0,"rationalHeapAttempts":0,"rationalHeapSuccesses":0,"rationalHeapFallbacks":0,"pinnedReducerHits":0,"localRewriteHits":0,"integerHeapSteps":0,"rationalHeapSteps":0,"scheduler":{"epochs":0,"dispatchedPairs":0,"rpcMessages":6,"reduceMs":0,"commitMs":0,"fallbacks":0}}
{"elapsedMs":193.06284799999997,"type":"degree","basisSize":176,"terms":446,"completedThroughDegree":3,"currentDegree":0,"allocatedBytes":181924080,"budgetBytes":536870912,"diskBytes":16336,"pairs":451,"monomialPairsPruned":15,"zeroCommits":375,"workers":4,"prefixNodes":252,"peakAllocatedBytes":181924080,"monomialPruning":true,"heapReduction":true,"reductions":2144,"monomialTermsPruned":250,"diskReads":0,"diskReadBytes":0,"reducerCacheHits":0,"sharedReducerCacheBytes":33554432,"sharedReducerCacheUsedBytes":16336,"rewriteDegree":4,"rewriteUsedBytes":0,"rewriteBudgetBytes":8388608,"rewriteEntries":0,"rewriteDeclined":0,"rewriteTableStatus":0,"rewriteSnapshot":0,"costScheduling":true,"wordCacheEntries":256,"wordCacheBytes":0,"chainPairsPruned":0,"matcherNodes":116,"matcherAllocatedBytes":20480,"matcherBuilds":1,"matcherFallbacks":0,"hashProbes":1190,"matcherQueries":2600,"matcherCharacters":6766,"wordCacheHits":19,"heapAttempts":0,"heapSuccesses":0,"heapFallbacks":0,"insertionPrunes":0,"commutingPrunes":0,"quadraticSwaps":0,"rationalHeapAttempts":0,"rationalHeapSuccesses":0,"rationalHeapFallbacks":0,"pinnedReducerHits":2796,"localRewriteHits":0,"integerHeapSteps":0,"rationalHeapSteps":0,"scheduler":{"epochs":15,"dispatchedPairs":451,"rpcMessages":50,"reduceMs":8.349049000000008,"commitMs":0.6188900000000217,"fallbacks":0}}
{"elapsedMs":203.160912,"type":"degree","basisSize":265,"terms":770,"completedThroughDegree":4,"currentDegree":0,"allocatedBytes":181965040,"budgetBytes":536870912,"diskBytes":26960,"pairs":1278,"monomialPairsPruned":15,"zeroCommits":1113,"workers":4,"prefixNodes":519,"peakAllocatedBytes":181965040,"monomialPruning":true,"heapReduction":true,"reductions":10717,"monomialTermsPruned":1304,"diskReads":0,"diskReadBytes":0,"reducerCacheHits":0,"sharedReducerCacheBytes":33554432,"sharedReducerCacheUsedBytes":26960,"rewriteDegree":4,"rewriteUsedBytes":0,"rewriteBudgetBytes":8388608,"rewriteEntries":0,"rewriteDeclined":0,"rewriteTableStatus":0,"rewriteSnapshot":0,"costScheduling":true,"wordCacheEntries":256,"wordCacheBytes":0,"chainPairsPruned":0,"matcherNodes":212,"matcherAllocatedBytes":61440,"matcherBuilds":2,"matcherFallbacks":0,"hashProbes":1990,"matcherQueries":11738,"matcherCharacters":36240,"wordCacheHits":133,"heapAttempts":3,"heapSuccesses":3,"heapFallbacks":0,"insertionPrunes":12,"commutingPrunes":0,"quadraticSwaps":27,"rationalHeapAttempts":0,"rationalHeapSuccesses":0,"rationalHeapFallbacks":0,"pinnedReducerHits":11981,"localRewriteHits":0,"integerHeapSteps":24,"rationalHeapSteps":0,"scheduler":{"epochs":41,"dispatchedPairs":1278,"rpcMessages":128,"reduceMs":16.748056000000048,"commitMs":1.1389189999999871,"fallbacks":0}}
{"elapsedMs":230.38039199999997,"type":"degree","basisSize":360,"terms":1232,"completedThroughDegree":5,"currentDegree":0,"allocatedBytes":182046960,"budgetBytes":536870912,"diskBytes":41088,"pairs":2725,"monomialPairsPruned":15,"zeroCommits":2465,"workers":4,"prefixNodes":899,"peakAllocatedBytes":182046960,"monomialPruning":true,"heapReduction":true,"reductions":38651,"monomialTermsPruned":5210,"diskReads":0,"diskReadBytes":0,"reducerCacheHits":0,"sharedReducerCacheBytes":33554432,"sharedReducerCacheUsedBytes":41088,"rewriteDegree":4,"rewriteUsedBytes":1819872,"rewriteBudgetBytes":8388608,"rewriteEntries":46534,"rewriteDeclined":260,"rewriteTableStatus":1,"rewriteSnapshot":265,"costScheduling":true,"wordCacheEntries":256,"wordCacheBytes":0,"chainPairsPruned":0,"matcherNodes":329,"matcherAllocatedBytes":143360,"matcherBuilds":3,"matcherFallbacks":0,"hashProbes":3142,"matcherQueries":87897,"matcherCharacters":275294,"wordCacheHits":283,"heapAttempts":225,"heapSuccesses":225,"heapFallbacks":0,"insertionPrunes":454,"commutingPrunes":56,"quadraticSwaps":2467,"rationalHeapAttempts":0,"rationalHeapSuccesses":0,"rationalHeapFallbacks":0,"pinnedReducerHits":82897,"localRewriteHits":3244,"integerHeapSteps":3289,"rationalHeapSteps":0,"scheduler":{"epochs":87,"dispatchedPairs":2725,"rpcMessages":266,"reduceMs":33.193141,"commitMs":1.8125450000002274,"fallbacks":0}}
{"elapsedMs":256.414366,"type":"degree","basisSize":497,"terms":2294,"completedThroughDegree":6,"currentDegree":0,"allocatedBytes":182227184,"budgetBytes":536870912,"diskBytes":70960,"pairs":4996,"monomialPairsPruned":15,"zeroCommits":4599,"workers":4,"prefixNodes":1584,"peakAllocatedBytes":182227184,"monomialPruning":true,"heapReduction":true,"reductions":107653,"monomialTermsPruned":18033,"diskReads":0,"diskReadBytes":0,"reducerCacheHits":0,"sharedReducerCacheBytes":33554432,"sharedReducerCacheUsedBytes":70960,"rewriteDegree":4,"rewriteUsedBytes":1819872,"rewriteBudgetBytes":8388608,"rewriteEntries":46534,"rewriteDeclined":260,"rewriteTableStatus":1,"rewriteSnapshot":265,"costScheduling":true,"wordCacheEntries":256,"wordCacheBytes":0,"chainPairsPruned":9,"matcherNodes":465,"matcherAllocatedBytes":307200,"matcherBuilds":4,"matcherFallbacks":0,"hashProbes":5619,"matcherQueries":131607,"matcherCharacters":471783,"wordCacheHits":543,"heapAttempts":1073,"heapSuccesses":1073,"heapFallbacks":0,"insertionPrunes":6607,"commutingPrunes":1248,"quadraticSwaps":25558,"rationalHeapAttempts":0,"rationalHeapSuccesses":0,"rationalHeapFallbacks":0,"pinnedReducerHits":122672,"localRewriteHits":30536,"integerHeapSteps":31352,"rationalHeapSteps":0,"scheduler":{"epochs":158,"dispatchedPairs":4996,"rpcMessages":479,"reduceMs":54.48999999999958,"commitMs":3.0539830000003576,"fallbacks":0}}
{"elapsedMs":319.276452,"type":"degree","basisSize":695,"terms":4808,"completedThroughDegree":7,"currentDegree":0,"allocatedBytes":182571248,"budgetBytes":536870912,"diskBytes":137632,"pairs":8811,"monomialPairsPruned":15,"zeroCommits":8216,"workers":4,"prefixNodes":2772,"peakAllocatedBytes":182571248,"monomialPruning":true,"heapReduction":true,"reductions":318170,"monomialTermsPruned":72526,"diskReads":0,"diskReadBytes":0,"reducerCacheHits":0,"sharedReducerCacheBytes":33554432,"sharedReducerCacheUsedBytes":137632,"rewriteDegree":4,"rewriteUsedBytes":1819872,"rewriteBudgetBytes":8388608,"rewriteEntries":46534,"rewriteDeclined":260,"rewriteTableStatus":1,"rewriteSnapshot":265,"costScheduling":true,"wordCacheEntries":256,"wordCacheBytes":0,"chainPairsPruned":34,"matcherNodes":673,"matcherAllocatedBytes":634880,"matcherBuilds":5,"matcherFallbacks":0,"hashProbes":11212,"matcherQueries":201188,"matcherCharacters":845857,"wordCacheHits":1195,"heapAttempts":3241,"heapSuccesses":3241,"heapFallbacks":0,"insertionPrunes":49815,"commutingPrunes":12629,"quadraticSwaps":152443,"rationalHeapAttempts":0,"rationalHeapSuccesses":0,"rationalHeapFallbacks":0,"pinnedReducerHits":185837,"localRewriteHits":175972,"integerHeapSteps":184270,"rationalHeapSteps":0,"scheduler":{"epochs":278,"dispatchedPairs":8811,"rpcMessages":839,"reduceMs":109.99400499999987,"commitMs":5.530840000000012,"fallbacks":0}}
{"elapsedMs":442.763578,"type":"degree","basisSize":990,"terms":11281,"completedThroughDegree":8,"currentDegree":0,"allocatedBytes":182604016,"budgetBytes":536870912,"diskBytes":302424,"pairs":15182,"monomialPairsPruned":15,"zeroCommits":14292,"workers":4,"prefixNodes":4837,"peakAllocatedBytes":182604016,"monomialPruning":true,"heapReduction":true,"reductions":1218059,"monomialTermsPruned":365372,"diskReads":0,"diskReadBytes":0,"reducerCacheHits":0,"sharedReducerCacheBytes":33554432,"sharedReducerCacheUsedBytes":302424,"rewriteDegree":4,"rewriteUsedBytes":1819872,"rewriteBudgetBytes":8388608,"rewriteEntries":46534,"rewriteDeclined":260,"rewriteTableStatus":1,"rewriteSnapshot":265,"costScheduling":true,"wordCacheEntries":256,"wordCacheBytes":0,"chainPairsPruned":135,"matcherNodes":994,"matcherAllocatedBytes":634880,"matcherBuilds":6,"matcherFallbacks":0,"hashProbes":25287,"matcherQueries":346192,"matcherCharacters":1817675,"wordCacheHits":7275,"heapAttempts":7880,"heapSuccesses":7880,"heapFallbacks":0,"insertionPrunes":317797,"commutingPrunes":94110,"quadraticSwaps":889081,"rationalHeapAttempts":0,"rationalHeapSuccesses":0,"rationalHeapFallbacks":0,"pinnedReducerHits":322363,"localRewriteHits":938255,"integerHeapSteps":1003049,"rationalHeapSteps":0,"scheduler":{"epochs":478,"dispatchedPairs":15182,"rpcMessages":1438,"reduceMs":221.7516409999998,"commitMs":9.985363000000007,"fallbacks":0}}
{"elapsedMs":975.581567,"type":"degree","basisSize":1451,"terms":29216,"completedThroughDegree":9,"currentDegree":0,"allocatedBytes":183374064,"budgetBytes":536870912,"diskBytes":747616,"pairs":25914,"monomialPairsPruned":15,"zeroCommits":24563,"workers":4,"prefixNodes":8525,"peakAllocatedBytes":183374064,"monomialPruning":true,"heapReduction":true,"reductions":5723839,"monomialTermsPruned":2122064,"diskReads":0,"diskReadBytes":0,"reducerCacheHits":0,"sharedReducerCacheBytes":33554432,"sharedReducerCacheUsedBytes":747616,"rewriteDegree":4,"rewriteUsedBytes":1819872,"rewriteBudgetBytes":8388608,"rewriteEntries":46534,"rewriteDeclined":260,"rewriteTableStatus":1,"rewriteSnapshot":265,"costScheduling":true,"wordCacheEntries":256,"wordCacheBytes":0,"chainPairsPruned":378,"matcherNodes":1474,"matcherAllocatedBytes":1290240,"matcherBuilds":7,"matcherFallbacks":0,"hashProbes":63830,"matcherQueries":815309,"matcherCharacters":5760399,"wordCacheHits":59872,"heapAttempts":16909,"heapSuccesses":16909,"heapFallbacks":0,"insertionPrunes":1983717,"commutingPrunes":644420,"quadraticSwaps":5031239,"rationalHeapAttempts":0,"rationalHeapSuccesses":0,"rationalHeapFallbacks":0,"pinnedReducerHits":808710,"localRewriteHits":4960552,"integerHeapSteps":5404614,"rationalHeapSteps":0,"scheduler":{"epochs":814,"dispatchedPairs":25914,"rpcMessages":2446,"reduceMs":726.0779350000005,"commitMs":19.523520000000303,"fallbacks":0}}
{"elapsedMs":4040.287717,"type":"degree","basisSize":2155,"terms":77662,"completedThroughDegree":10,"currentDegree":0,"allocatedBytes":184832240,"budgetBytes":536870912,"diskBytes":1932848,"pairs":44078,"monomialPairsPruned":15,"zeroCommits":42023,"workers":4,"prefixNodes":14861,"peakAllocatedBytes":184832240,"monomialPruning":true,"heapReduction":true,"reductions":31262267,"monomialTermsPruned":13535776,"diskReads":0,"diskReadBytes":0,"reducerCacheHits":0,"sharedReducerCacheBytes":33554432,"sharedReducerCacheUsedBytes":1932848,"rewriteDegree":4,"rewriteUsedBytes":1819872,"rewriteBudgetBytes":8388608,"rewriteEntries":46534,"rewriteDeclined":260,"rewriteTableStatus":1,"rewriteSnapshot":265,"costScheduling":true,"wordCacheEntries":256,"wordCacheBytes":0,"chainPairsPruned":928,"matcherNodes":2262,"matcherAllocatedBytes":2600960,"matcherBuilds":8,"matcherFallbacks":0,"hashProbes":170007,"matcherQueries":3323176,"matcherCharacters":30432981,"wordCacheHits":391033,"heapAttempts":33569,"heapSuccesses":33566,"heapFallbacks":3,"insertionPrunes":12877423,"commutingPrunes":4378545,"quadraticSwaps":29634985,"rationalHeapAttempts":3,"rationalHeapSuccesses":3,"rationalHeapFallbacks":0,"pinnedReducerHits":3555731,"localRewriteHits":27764705,"integerHeapSteps":30811881,"rationalHeapSteps":2700,"scheduler":{"epochs":1382,"dispatchedPairs":44078,"rpcMessages":4150,"reduceMs":3689.384909999999,"commitMs":42.360466999996675,"fallbacks":0}}
{"elapsedMs":23771.133231,"type":"degree","basisSize":3232,"terms":236294,"completedThroughDegree":11,"currentDegree":0,"allocatedBytes":187683056,"budgetBytes":536870912,"diskBytes":5774480,"pairs":74609,"monomialPairsPruned":15,"zeroCommits":71477,"workers":4,"prefixNodes":25631,"peakAllocatedBytes":187683056,"monomialPruning":true,"heapReduction":true,"reductions":188162183,"monomialTermsPruned":91989466,"diskReads":0,"diskReadBytes":0,"reducerCacheHits":0,"sharedReducerCacheBytes":33554432,"sharedReducerCacheUsedBytes":5774480,"rewriteDegree":4,"rewriteUsedBytes":1819872,"rewriteBudgetBytes":8388608,"rewriteEntries":46534,"rewriteDeclined":260,"rewriteTableStatus":1,"rewriteSnapshot":265,"costScheduling":true,"wordCacheEntries":256,"wordCacheBytes":0,"chainPairsPruned":2112,"matcherNodes":3497,"matcherAllocatedBytes":5222400,"matcherBuilds":9,"matcherFallbacks":0,"hashProbes":519707,"matcherQueries":20909083,"matcherCharacters":223250799,"wordCacheHits":1732627,"heapAttempts":63061,"heapSuccesses":62864,"heapFallbacks":197,"insertionPrunes":87838301,"commutingPrunes":30864572,"quadraticSwaps":181702524,"rationalHeapAttempts":197,"rationalHeapSuccesses":197,"rationalHeapFallbacks":0,"pinnedReducerHits":22174945,"localRewriteHits":166078391,"integerHeapSteps":183450570,"rationalHeapSteps":4110702,"scheduler":{"epochs":2337,"dispatchedPairs":74609,"rpcMessages":7014,"reduceMs":23046.741930000022,"commitMs":113.85811399998272,"fallbacks":0}}
Error: fomkyr: CANCELLED
    at checked (file:///mnt/data/work061/fomkyr/web/runtime.js:6:23)
    at Array.forEach (<anonymous>)
    at FomkyrEngine.completeDegree (file:///mnt/data/work061/fomkyr/web/engine.js:209:40)
    at async FomkyrEngine.compute (file:///mnt/data/work061/fomkyr/web/engine.js:286:101)
    at async file:///mnt/data/work061/fomkyr/tests/deep_trial.mjs:12:47 {
  code: 'CANCELLED',
  native: {
    basisSize: 4861,
    terms: 779720,
    completedThroughDegree: 11,
    currentDegree: 12,
    allocatedBytes: 188010736,
    budgetBytes: 536870912,
    diskBytes: 18868832,
    pairs: 101521,
    monomialPairsPruned: 15,
    zeroCommits: 96728,
    workers: 4,
    prefixNodes: 43550,
    peakAllocatedBytes: 188010736,
    monomialPruning: true,
    heapReduction: true,
    reductions: 1394212476,
    monomialTermsPruned: 681736592,
    diskReads: 0,
    diskReadBytes: 0,
    reducerCacheHits: 0,
    sharedReducerCacheBytes: 33554432,
    sharedReducerCacheUsedBytes: 18868832,
    rewriteDegree: 4,
    rewriteUsedBytes: 1819872,
    rewriteBudgetBytes: 8388608,
    rewriteEntries: 46534,
    rewriteDeclined: 260,
    rewriteTableStatus: 1,
    rewriteSnapshot: 265,
    costScheduling: true,
    wordCacheEntries: 256,
    wordCacheBytes: 0,
    chainPairsPruned: 2182,
    matcherNodes: 5421,
    matcherAllocatedBytes: 5222400,
    matcherBuilds: 10,
    matcherFallbacks: 0,
    hashProbes: 1720540,
    matcherQueries: 152213622,
    matcherCharacters: 1797877684,
    wordCacheHits: 5233509,
    heapAttempts: 90827,
    heapSuccesses: 88284,
    heapFallbacks: 2532,
    insertionPrunes: 652360949,
    commutingPrunes: 238416532,
    quadraticSwaps: 1010573215,
    rationalHeapAttempts: 2532,
    rationalHeapSuccesses: 2531,
    rationalHeapFallbacks: 0,
    pinnedReducerHits: 155855832,
    localRewriteHits: 1238487690,
    integerHeapSteps: 992593820,
    rationalHeapSteps: 400927562,
    complete: false,
    lastCheckpoint: {
      abi: 3,
      version: '0.6.0',
      identity: '17c5a3b13bbae1fd6e03ece75139f297d437bda2ae062b093d77a92f091b88bf',
      basisSize: 3232,
      terms: 236294,
      completedThroughDegree: 11,
      currentDegree: 0,
      allocatedBytes: 187683056,
      budgetBytes: 536870912,
      diskBytes: 5774480,
      pairs: 74609,
      monomialPairsPruned: 15,
      zeroCommits: 71477,
      workers: 4,
      prefixNodes: 25631,
      peakAllocatedBytes: 187683056,
      monomialPruning: true,
      heapReduction: true,
      reductions: 188162183,
      monomialTermsPruned: 91989466,
      diskReads: 0,
      diskReadBytes: 0,
      reducerCacheHits: 0,
      sharedReducerCacheBytes: 33554432,
      sharedReducerCacheUsedBytes: 5774480,
      rewriteDegree: 4,
      rewriteUsedBytes: 1819872,
      rewriteBudgetBytes: 8388608,
      rewriteEntries: 46534,
      rewriteDeclined: 260,
      rewriteTableStatus: 1,
      rewriteSnapshot: 265,
      costScheduling: true,
      wordCacheEntries: 256,
      wordCacheBytes: 0,
      chainPairsPruned: 2112,
      matcherNodes: 3497,
      matcherAllocatedBytes: 5222400,
      matcherBuilds: 9,
      matcherFallbacks: 0,
      hashProbes: 519707,
      matcherQueries: 20909083,
      matcherCharacters: 223250799,
      wordCacheHits: 1732627,
      heapAttempts: 63061,
      heapSuccesses: 62864,
      heapFallbacks: 197,
      insertionPrunes: 87838301,
      commutingPrunes: 30864572,
      quadraticSwaps: 181702524,
      rationalHeapAttempts: 197,
      rationalHeapSuccesses: 197,
      rationalHeapFallbacks: 0,
      pinnedReducerHits: 22174945,
      localRewriteHits: 166078391,
      integerHeapSteps: 183450570,
      rationalHeapSteps: 4110702,
      runKey: 'alg-17c5a3b13bbae1fd6e03ece75139f297d437bda2ae062b093d77a92f091b88bf',
      updatedAt: '2026-10-02T21:01:39.707Z'
    },
    runKey: 'alg-17c5a3b13bbae1fd6e03ece75139f297d437bda2ae062b093d77a92f091b88bf'
  }
}
{"status":"incomplete","elapsedMs":180175.679385,"error":"fomkyr: CANCELLED"}
