{"name": "commuting-polynomial-4", "modulus": 0, "field": "Q", "degree": 8, "passed": true, "rules": 6, "criticalCompositionsChecked": 10, "independentCompletion": true, "mutualReductionWithPlainAndOracle": true, "seconds": 0.00216767699976117}
{"name": "commuting-polynomial-4", "modulus": 2, "field": "F2", "degree": 8, "passed": true, "rules": 6, "criticalCompositionsChecked": 10, "independentCompletion": true, "mutualReductionWithPlainAndOracle": true, "seconds": 0.0015367169999080943}
{"name": "commuting-polynomial-4", "modulus": 101, "field": "F101", "degree": 8, "passed": true, "rules": 6, "criticalCompositionsChecked": 10, "independentCompletion": true, "mutualReductionWithPlainAndOracle": true, "seconds": 0.001777605999905063}
{"name": "exterior-6", "modulus": 0, "field": "Q", "degree": 8, "passed": true, "rules": 21, "criticalCompositionsChecked": 77, "independentCompletion": true, "mutualReductionWithPlainAndOracle": true, "seconds": 0.006572934999894642}
{"name": "exterior-6", "modulus": 2, "field": "F2", "degree": 8, "passed": true, "rules": 21, "criticalCompositionsChecked": 77, "independentCompletion": true, "mutualReductionWithPlainAndOracle": true, "seconds": 0.008230261999869981}
{"name": "exterior-6", "modulus": 101, "field": "F101", "degree": 8, "passed": true, "rules": 21, "criticalCompositionsChecked": 77, "independentCompletion": true, "mutualReductionWithPlainAndOracle": true, "seconds": 0.01062559699994381}
{"name": "homogenized-Weyl-1-mode", "modulus": 0, "field": "Q", "degree": 8, "passed": true, "rules": 3, "criticalCompositionsChecked": 4, "independentCompletion": true, "mutualReductionWithPlainAndOracle": true, "seconds": 0.0012249840001459233}
{"name": "homogenized-Weyl-1-mode", "modulus": 2, "field": "F2", "degree": 8, "passed": true, "rules": 3, "criticalCompositionsChecked": 4, "independentCompletion": true, "mutualReductionWithPlainAndOracle": true, "seconds": 0.002655873999628966}
{"name": "homogenized-Weyl-1-mode", "modulus": 101, "field": "F101", "degree": 8, "passed": true, "rules": 3, "criticalCompositionsChecked": 4, "independentCompletion": true, "mutualReductionWithPlainAndOracle": true, "seconds": 0.001290590999815322}
{"name": "homogenized-Weyl-2-mode", "modulus": 0, "field": "Q", "degree": 8, "passed": true, "rules": 10, "criticalCompositionsChecked": 20, "independentCompletion": true, "mutualReductionWithPlainAndOracle": true, "seconds": 0.0026514870000937663}
{"name": "homogenized-Weyl-2-mode", "modulus": 2, "field": "F2", "degree": 8, "passed": true, "rules": 10, "criticalCompositionsChecked": 20, "independentCompletion": true, "mutualReductionWithPlainAndOracle": true, "seconds": 0.0027870880003320053}
{"name": "homogenized-Weyl-2-mode", "modulus": 101, "field": "F101", "degree": 8, "passed": true, "rules": 10, "criticalCompositionsChecked": 20, "independentCompletion": true, "mutualReductionWithPlainAndOracle": true, "seconds": 0.0027715960000023188}
{"name": "homogenized-Clifford-4", "modulus": 0, "field": "Q", "degree": 8, "passed": true, "rules": 14, "criticalCompositionsChecked": 44, "independentCompletion": true, "mutualReductionWithPlainAndOracle": true, "seconds": 0.006064788000003318}
{"name": "homogenized-Clifford-4", "modulus": 2, "field": "F2", "degree": 8, "passed": true, "rules": 14, "criticalCompositionsChecked": 44, "independentCompletion": true, "mutualReductionWithPlainAndOracle": true, "seconds": 0.008701462999852083}
{"name": "homogenized-Clifford-4", "modulus": 101, "field": "F101", "degree": 8, "passed": true, "rules": 14, "criticalCompositionsChecked": 44, "independentCompletion": true, "mutualReductionWithPlainAndOracle": true, "seconds": 0.004421491999892169}
{"name": "homogenized-sl2", "modulus": 0, "field": "Q", "degree": 8, "passed": true, "rules": 6, "criticalCompositionsChecked": 10, "independentCompletion": true, "mutualReductionWithPlainAndOracle": true, "seconds": 0.0017312270001639263}
{"name": "homogenized-sl2", "modulus": 2, "field": "F2", "degree": 8, "passed": true, "rules": 6, "criticalCompositionsChecked": 10, "independentCompletion": true, "mutualReductionWithPlainAndOracle": true, "seconds": 0.001560033000259864}
{"name": "homogenized-sl2", "modulus": 101, "field": "F101", "degree": 8, "passed": true, "rules": 6, "criticalCompositionsChecked": 10, "independentCompletion": true, "mutualReductionWithPlainAndOracle": true, "seconds": 0.001482938000208378}
{"name": "homogenized-q-oscillator-2", "modulus": 0, "field": "Q", "degree": 8, "passed": true, "rules": 3, "criticalCompositionsChecked": 4, "independentCompletion": true, "mutualReductionWithPlainAndOracle": true, "seconds": 0.001346805000139284}
{"name": "homogenized-q-oscillator-2", "modulus": 2, "field": "F2", "degree": 8, "passed": true, "rules": 3, "criticalCompositionsChecked": 4, "independentCompletion": true, "mutualReductionWithPlainAndOracle": true, "seconds": 0.0012917829999423702}
{"name": "homogenized-q-oscillator-2", "modulus": 101, "field": "F101", "degree": 8, "passed": true, "rules": 3, "criticalCompositionsChecked": 4, "independentCompletion": true, "mutualReductionWithPlainAndOracle": true, "seconds": 0.001004695000119682}
{"name": "homogenized-q-oscillator-1073741827", "modulus": 0, "field": "Q", "degree": 8, "passed": true, "rules": 3, "criticalCompositionsChecked": 4, "independentCompletion": true, "mutualReductionWithPlainAndOracle": true, "seconds": 0.0016128909996950824}
{"name": "homogenized-q-oscillator-1073741827", "modulus": 2, "field": "F2", "degree": 8, "passed": true, "rules": 3, "criticalCompositionsChecked": 4, "independentCompletion": true, "mutualReductionWithPlainAndOracle": true, "seconds": 0.001997953999762103}
{"name": "homogenized-q-oscillator-1073741827", "modulus": 101, "field": "F101", "degree": 8, "passed": true, "rules": 3, "criticalCompositionsChecked": 4, "independentCompletion": true, "mutualReductionWithPlainAndOracle": true, "seconds": 0.0010291620001225965}
{"name": "FK3", "modulus": 0, "field": "Q", "degree": 7, "passed": true, "rules": 6, "criticalCompositionsChecked": 17, "independentCompletion": true, "mutualReductionWithPlainAndOracle": true, "seconds": 0.0022648009999102214}
{"name": "FK3", "modulus": 2, "field": "F2", "degree": 7, "passed": true, "rules": 6, "criticalCompositionsChecked": 17, "independentCompletion": true, "mutualReductionWithPlainAndOracle": true, "seconds": 0.0017030149997481203}
{"name": "FK3", "modulus": 101, "field": "F101", "degree": 7, "passed": true, "rules": 6, "criticalCompositionsChecked": 17, "independentCompletion": true, "mutualReductionWithPlainAndOracle": true, "seconds": 0.0015801429999555694}
{"name": "FK4", "modulus": 0, "field": "Q", "degree": 13, "passed": true, "rules": 25, "criticalCompositionsChecked": 133, "independentCompletion": true, "mutualReductionWithPlainAndOracle": true, "seconds": 0.02055904400003783}
{"name": "FK4", "modulus": 2, "field": "F2", "degree": 13, "passed": true, "rules": 25, "criticalCompositionsChecked": 133, "independentCompletion": true, "mutualReductionWithPlainAndOracle": true, "seconds": 0.022706711999944673}
{"name": "FK4", "modulus": 101, "field": "F101", "degree": 13, "passed": true, "rules": 25, "criticalCompositionsChecked": 133, "independentCompletion": true, "mutualReductionWithPlainAndOracle": true, "seconds": 0.021341720999771496}
{"name": "FK6-original-order", "modulus": 0, "field": "Q", "degree": 4, "passed": true, "rules": 265, "criticalCompositionsChecked": 1558, "independentCompletion": true, "mutualReductionWithPlainAndOracle": true, "seconds": 0.9594721829998889}
{"name": "FK6-original-order", "modulus": 2, "field": "F2", "degree": 4, "passed": true, "rules": 265, "criticalCompositionsChecked": 1558, "independentCompletion": true, "mutualReductionWithPlainAndOracle": true, "seconds": 1.8971418900000572}
{"name": "FK6-original-order", "modulus": 101, "field": "F101", "degree": 4, "passed": true, "rules": 265, "criticalCompositionsChecked": 1558, "independentCompletion": true, "mutualReductionWithPlainAndOracle": true, "seconds": 1.9404368390000855}
{"name": "homogeneous-braid-3", "modulus": 0, "field": "Q", "degree": 7, "passed": true, "rules": 4, "criticalCompositionsChecked": 8, "independentCompletion": true, "mutualReductionWithPlainAndOracle": true, "seconds": 0.0017761350000000675}
{"name": "homogeneous-braid-3", "modulus": 2, "field": "F2", "degree": 7, "passed": true, "rules": 4, "criticalCompositionsChecked": 8, "independentCompletion": true, "mutualReductionWithPlainAndOracle": true, "seconds": 0.0010830219998752}
{"name": "homogeneous-braid-3", "modulus": 101, "field": "F101", "degree": 7, "passed": true, "rules": 4, "criticalCompositionsChecked": 8, "independentCompletion": true, "mutualReductionWithPlainAndOracle": true, "seconds": 0.001027669999984937}
{"name": "long-word-33", "modulus": 0, "field": "Q", "degree": 34, "passed": true, "rules": 2, "criticalCompositionsChecked": 3, "independentCompletion": true, "mutualReductionWithPlainAndOracle": true, "seconds": 0.0022712410000167438}
PASSED 37 case/field combinations
