RUN build
PASS build
RUN native-tests
PASS native-tests
RUN extra-tests
PASS extra-tests
RUN optimizer-edge-tests
PASS optimizer-edge-tests
RUN physics-matrix
PASS physics-matrix
RUN wasm-tests
PASS wasm-tests
RUN fomkyr-tests
PASS fomkyr-tests
RUN compatibility-tests
PASS compatibility-tests
RUN integration-tests
PASS integration-tests
RUN physics-wasm-matrix
PASS physics-wasm-matrix
RUN progress-unit-tests
PASS progress-unit-tests
RUN progress-integration-tests
PASS progress-integration-tests
RUN static-host-unit-tests
PASS static-host-unit-tests
RUN installer-tests
PASS installer-tests
RUN installer-modern-tests
PASS installer-modern-tests
RUN ubsan-tests
PASS ubsan-tests
CORE RELEASE SUITE PASSED
