{"name": "commuting-polynomial-4", "modulus": 0, "degree": 8, "bits": 32, "workers": 4, "shared": true, "progressError": null, "passed": true, "independentCompletion": true, "mutualReduction": true, "criticalCompositionsChecked": 10, "seconds": 0.0009186239999507961}
{"name": "commuting-polynomial-4", "modulus": 2, "degree": 8, "bits": 32, "workers": 4, "shared": true, "progressError": null, "passed": true, "independentCompletion": true, "mutualReduction": true, "criticalCompositionsChecked": 10, "seconds": 0.0005757369999628281}
{"name": "commuting-polynomial-4", "modulus": 101, "degree": 8, "bits": 32, "workers": 4, "shared": true, "progressError": null, "passed": true, "independentCompletion": true, "mutualReduction": true, "criticalCompositionsChecked": 10, "seconds": 0.0005038389999754145}
{"name": "exterior-6", "modulus": 0, "degree": 8, "bits": 32, "workers": 4, "shared": true, "progressError": null, "passed": true, "independentCompletion": true, "mutualReduction": true, "criticalCompositionsChecked": 77, "seconds": 0.005114053999932366}
{"name": "exterior-6", "modulus": 2, "degree": 8, "bits": 32, "workers": 4, "shared": true, "progressError": null, "passed": true, "independentCompletion": true, "mutualReduction": true, "criticalCompositionsChecked": 77, "seconds": 0.006232339000007414}
{"name": "exterior-6", "modulus": 101, "degree": 8, "bits": 32, "workers": 4, "shared": true, "progressError": null, "passed": true, "independentCompletion": true, "mutualReduction": true, "criticalCompositionsChecked": 77, "seconds": 0.0060989680000602675}
{"name": "homogenized-Weyl-1-mode", "modulus": 0, "degree": 8, "bits": 32, "workers": 4, "shared": true, "progressError": null, "passed": true, "independentCompletion": true, "mutualReduction": true, "criticalCompositionsChecked": 4, "seconds": 0.00047811000013098237}
{"name": "homogenized-Weyl-1-mode", "modulus": 2, "degree": 8, "bits": 32, "workers": 4, "shared": true, "progressError": null, "passed": true, "independentCompletion": true, "mutualReduction": true, "criticalCompositionsChecked": 4, "seconds": 0.0002048579999609501}
{"name": "homogenized-Weyl-1-mode", "modulus": 101, "degree": 8, "bits": 32, "workers": 4, "shared": true, "progressError": null, "passed": true, "independentCompletion": true, "mutualReduction": true, "criticalCompositionsChecked": 4, "seconds": 0.0002475730000242038}
{"name": "homogenized-Weyl-2-mode", "modulus": 0, "degree": 8, "bits": 32, "workers": 4, "shared": true, "progressError": null, "passed": true, "independentCompletion": true, "mutualReduction": true, "criticalCompositionsChecked": 20, "seconds": 0.0017329810000319412}
{"name": "homogenized-Weyl-2-mode", "modulus": 2, "degree": 8, "bits": 32, "workers": 4, "shared": true, "progressError": null, "passed": true, "independentCompletion": true, "mutualReduction": true, "criticalCompositionsChecked": 20, "seconds": 0.0013356219999423047}
{"name": "homogenized-Weyl-2-mode", "modulus": 101, "degree": 8, "bits": 32, "workers": 4, "shared": true, "progressError": null, "passed": true, "independentCompletion": true, "mutualReduction": true, "criticalCompositionsChecked": 20, "seconds": 0.0014151519999359152}
{"name": "homogenized-Clifford-4", "modulus": 0, "degree": 8, "bits": 32, "workers": 4, "shared": true, "progressError": null, "passed": true, "independentCompletion": true, "mutualReduction": true, "criticalCompositionsChecked": 44, "seconds": 0.0028416109998943284}
{"name": "homogenized-Clifford-4", "modulus": 2, "degree": 8, "bits": 32, "workers": 4, "shared": true, "progressError": null, "passed": true, "independentCompletion": true, "mutualReduction": true, "criticalCompositionsChecked": 44, "seconds": 0.0030836949999866192}
{"name": "homogenized-Clifford-4", "modulus": 101, "degree": 8, "bits": 32, "workers": 4, "shared": true, "progressError": null, "passed": true, "independentCompletion": true, "mutualReduction": true, "criticalCompositionsChecked": 44, "seconds": 0.0035070430001269415}
{"name": "homogenized-sl2", "modulus": 0, "degree": 8, "bits": 32, "workers": 4, "shared": true, "progressError": null, "passed": true, "independentCompletion": true, "mutualReduction": true, "criticalCompositionsChecked": 10, "seconds": 0.0009856950000539655}
{"name": "homogenized-sl2", "modulus": 2, "degree": 8, "bits": 32, "workers": 4, "shared": true, "progressError": null, "passed": true, "independentCompletion": true, "mutualReduction": true, "criticalCompositionsChecked": 10, "seconds": 0.0005903299997953582}
{"name": "homogenized-sl2", "modulus": 101, "degree": 8, "bits": 32, "workers": 4, "shared": true, "progressError": null, "passed": true, "independentCompletion": true, "mutualReduction": true, "criticalCompositionsChecked": 10, "seconds": 0.0006195030000526458}
{"name": "homogenized-q-oscillator-2", "modulus": 0, "degree": 8, "bits": 32, "workers": 4, "shared": true, "progressError": null, "passed": true, "independentCompletion": true, "mutualReduction": true, "criticalCompositionsChecked": 4, "seconds": 0.00031620599997950194}
{"name": "homogenized-q-oscillator-2", "modulus": 2, "degree": 8, "bits": 32, "workers": 4, "shared": true, "progressError": null, "passed": true, "independentCompletion": true, "mutualReduction": true, "criticalCompositionsChecked": 4, "seconds": 0.00019214999997529958}
{"name": "homogenized-q-oscillator-2", "modulus": 101, "degree": 8, "bits": 32, "workers": 4, "shared": true, "progressError": null, "passed": true, "independentCompletion": true, "mutualReduction": true, "criticalCompositionsChecked": 4, "seconds": 0.00018373600005361368}
{"name": "homogenized-q-oscillator-1073741827", "modulus": 0, "degree": 8, "bits": 32, "workers": 4, "shared": true, "progressError": null, "passed": true, "independentCompletion": true, "mutualReduction": true, "criticalCompositionsChecked": 4, "seconds": 0.0002990309999404417}
{"name": "homogenized-q-oscillator-1073741827", "modulus": 2, "degree": 8, "bits": 32, "workers": 4, "shared": true, "progressError": null, "passed": true, "independentCompletion": true, "mutualReduction": true, "criticalCompositionsChecked": 4, "seconds": 0.0001879429999007698}
{"name": "homogenized-q-oscillator-1073741827", "modulus": 101, "degree": 8, "bits": 32, "workers": 4, "shared": true, "progressError": null, "passed": true, "independentCompletion": true, "mutualReduction": true, "criticalCompositionsChecked": 4, "seconds": 0.00019658599990179937}
{"name": "FK3", "modulus": 0, "degree": 7, "bits": 32, "workers": 4, "shared": true, "progressError": null, "passed": true, "independentCompletion": true, "mutualReduction": true, "criticalCompositionsChecked": 17, "seconds": 0.0008832210000946361}
{"name": "FK3", "modulus": 2, "degree": 7, "bits": 32, "workers": 4, "shared": true, "progressError": null, "passed": true, "independentCompletion": true, "mutualReduction": true, "criticalCompositionsChecked": 17, "seconds": 0.0007055430000946217}
{"name": "FK3", "modulus": 101, "degree": 7, "bits": 32, "workers": 4, "shared": true, "progressError": null, "passed": true, "independentCompletion": true, "mutualReduction": true, "criticalCompositionsChecked": 17, "seconds": 0.0007129640000584914}
{"name": "FK4", "modulus": 0, "degree": 13, "bits": 32, "workers": 4, "shared": true, "progressError": null, "passed": true, "independentCompletion": true, "mutualReduction": true, "criticalCompositionsChecked": 133, "seconds": 0.02073036799993133}
{"name": "FK4", "modulus": 2, "degree": 13, "bits": 32, "workers": 4, "shared": true, "progressError": null, "passed": true, "independentCompletion": true, "mutualReduction": true, "criticalCompositionsChecked": 133, "seconds": 0.01855640400003722}
{"name": "FK4", "modulus": 101, "degree": 13, "bits": 32, "workers": 4, "shared": true, "progressError": null, "passed": true, "independentCompletion": true, "mutualReduction": true, "criticalCompositionsChecked": 133, "seconds": 0.019251961000009032}
{"name": "FK6-original-order", "modulus": 0, "degree": 4, "bits": 32, "workers": 4, "shared": true, "progressError": null, "passed": true, "independentCompletion": true, "mutualReduction": true, "criticalCompositionsChecked": 1558, "seconds": 0.7699280490001001}
{"name": "FK6-original-order", "modulus": 2, "degree": 4, "bits": 32, "workers": 4, "shared": true, "progressError": null, "passed": true, "independentCompletion": true, "mutualReduction": true, "criticalCompositionsChecked": 1558, "seconds": 1.635100927999929}
{"name": "FK6-original-order", "modulus": 101, "degree": 4, "bits": 32, "workers": 4, "shared": true, "progressError": null, "passed": true, "independentCompletion": true, "mutualReduction": true, "criticalCompositionsChecked": 1558, "seconds": 1.6907451880001645}
{"name": "homogeneous-braid-3", "modulus": 0, "degree": 7, "bits": 32, "workers": 4, "shared": true, "progressError": null, "passed": true, "independentCompletion": true, "mutualReduction": true, "criticalCompositionsChecked": 8, "seconds": 0.0005798739998681413}
{"name": "homogeneous-braid-3", "modulus": 2, "degree": 7, "bits": 32, "workers": 4, "shared": true, "progressError": null, "passed": true, "independentCompletion": true, "mutualReduction": true, "criticalCompositionsChecked": 8, "seconds": 0.0003287250001449138}
{"name": "homogeneous-braid-3", "modulus": 101, "degree": 7, "bits": 32, "workers": 4, "shared": true, "progressError": null, "passed": true, "independentCompletion": true, "mutualReduction": true, "criticalCompositionsChecked": 8, "seconds": 0.0003206030000910687}
{"name": "long-word-33", "modulus": 0, "degree": 34, "bits": 32, "workers": 4, "shared": true, "progressError": null, "passed": true, "independentCompletion": true, "mutualReduction": true, "criticalCompositionsChecked": 3, "seconds": 0.0008561100000861188}

