{"name": "commuting-polynomial-4", "modulus": 0, "degree": 8, "bits": 32, "workers": 4, "shared": true, "progressError": null, "passed": true, "independentCompletion": true, "mutualReduction": true, "criticalCompositionsChecked": 10, "seconds": 0.0008439480000106414}
{"name": "commuting-polynomial-4", "modulus": 2, "degree": 8, "bits": 32, "workers": 4, "shared": true, "progressError": null, "passed": true, "independentCompletion": true, "mutualReduction": true, "criticalCompositionsChecked": 10, "seconds": 0.0006050900000218462}
{"name": "commuting-polynomial-4", "modulus": 101, "degree": 8, "bits": 32, "workers": 4, "shared": true, "progressError": null, "passed": true, "independentCompletion": true, "mutualReduction": true, "criticalCompositionsChecked": 10, "seconds": 0.0005346740000504724}
{"name": "exterior-6", "modulus": 0, "degree": 8, "bits": 32, "workers": 4, "shared": true, "progressError": null, "passed": true, "independentCompletion": true, "mutualReduction": true, "criticalCompositionsChecked": 77, "seconds": 0.004665905000024395}
{"name": "exterior-6", "modulus": 2, "degree": 8, "bits": 32, "workers": 4, "shared": true, "progressError": null, "passed": true, "independentCompletion": true, "mutualReduction": true, "criticalCompositionsChecked": 77, "seconds": 0.006138028000009399}
{"name": "exterior-6", "modulus": 101, "degree": 8, "bits": 32, "workers": 4, "shared": true, "progressError": null, "passed": true, "independentCompletion": true, "mutualReduction": true, "criticalCompositionsChecked": 77, "seconds": 0.006245567999940249}
{"name": "homogenized-Weyl-1-mode", "modulus": 0, "degree": 8, "bits": 32, "workers": 4, "shared": true, "progressError": null, "passed": true, "independentCompletion": true, "mutualReduction": true, "criticalCompositionsChecked": 4, "seconds": 0.0003945429999703265}
{"name": "homogenized-Weyl-1-mode", "modulus": 2, "degree": 8, "bits": 32, "workers": 4, "shared": true, "progressError": null, "passed": true, "independentCompletion": true, "mutualReduction": true, "criticalCompositionsChecked": 4, "seconds": 0.00022248400000535185}
{"name": "homogenized-Weyl-1-mode", "modulus": 101, "degree": 8, "bits": 32, "workers": 4, "shared": true, "progressError": null, "passed": true, "independentCompletion": true, "mutualReduction": true, "criticalCompositionsChecked": 4, "seconds": 0.0002152329999489666}
{"name": "homogenized-Weyl-2-mode", "modulus": 0, "degree": 8, "bits": 32, "workers": 4, "shared": true, "progressError": null, "passed": true, "independentCompletion": true, "mutualReduction": true, "criticalCompositionsChecked": 20, "seconds": 0.0016063549999216775}
{"name": "homogenized-Weyl-2-mode", "modulus": 2, "degree": 8, "bits": 32, "workers": 4, "shared": true, "progressError": null, "passed": true, "independentCompletion": true, "mutualReduction": true, "criticalCompositionsChecked": 20, "seconds": 0.001449859999979708}
{"name": "homogenized-Weyl-2-mode", "modulus": 101, "degree": 8, "bits": 32, "workers": 4, "shared": true, "progressError": null, "passed": true, "independentCompletion": true, "mutualReduction": true, "criticalCompositionsChecked": 20, "seconds": 0.0014231190000373317}
{"name": "homogenized-Clifford-4", "modulus": 0, "degree": 8, "bits": 32, "workers": 4, "shared": true, "progressError": null, "passed": true, "independentCompletion": true, "mutualReduction": true, "criticalCompositionsChecked": 44, "seconds": 0.0029468100000258346}
{"name": "homogenized-Clifford-4", "modulus": 2, "degree": 8, "bits": 32, "workers": 4, "shared": true, "progressError": null, "passed": true, "independentCompletion": true, "mutualReduction": true, "criticalCompositionsChecked": 44, "seconds": 0.002925818999983676}
{"name": "homogenized-Clifford-4", "modulus": 101, "degree": 8, "bits": 32, "workers": 4, "shared": true, "progressError": null, "passed": true, "independentCompletion": true, "mutualReduction": true, "criticalCompositionsChecked": 44, "seconds": 0.0030345119999992676}
{"name": "homogenized-sl2", "modulus": 0, "degree": 8, "bits": 32, "workers": 4, "shared": true, "progressError": null, "passed": true, "independentCompletion": true, "mutualReduction": true, "criticalCompositionsChecked": 10, "seconds": 0.0008987809999325691}
{"name": "homogenized-sl2", "modulus": 2, "degree": 8, "bits": 32, "workers": 4, "shared": true, "progressError": null, "passed": true, "independentCompletion": true, "mutualReduction": true, "criticalCompositionsChecked": 10, "seconds": 0.0005917900000440568}
{"name": "homogenized-sl2", "modulus": 101, "degree": 8, "bits": 32, "workers": 4, "shared": true, "progressError": null, "passed": true, "independentCompletion": true, "mutualReduction": true, "criticalCompositionsChecked": 10, "seconds": 0.0007490860000416433}
{"name": "homogenized-q-oscillator-2", "modulus": 0, "degree": 8, "bits": 32, "workers": 4, "shared": true, "progressError": null, "passed": true, "independentCompletion": true, "mutualReduction": true, "criticalCompositionsChecked": 4, "seconds": 0.0003444180000542474}
{"name": "homogenized-q-oscillator-2", "modulus": 2, "degree": 8, "bits": 32, "workers": 4, "shared": true, "progressError": null, "passed": true, "independentCompletion": true, "mutualReduction": true, "criticalCompositionsChecked": 4, "seconds": 0.00022533799995017034}
{"name": "homogenized-q-oscillator-2", "modulus": 101, "degree": 8, "bits": 32, "workers": 4, "shared": true, "progressError": null, "passed": true, "independentCompletion": true, "mutualReduction": true, "criticalCompositionsChecked": 4, "seconds": 0.00021442199999910372}
{"name": "homogenized-q-oscillator-1073741827", "modulus": 0, "degree": 8, "bits": 32, "workers": 4, "shared": true, "progressError": null, "passed": true, "independentCompletion": true, "mutualReduction": true, "criticalCompositionsChecked": 4, "seconds": 0.0004197609999891938}
{"name": "homogenized-q-oscillator-1073741827", "modulus": 2, "degree": 8, "bits": 32, "workers": 4, "shared": true, "progressError": null, "passed": true, "independentCompletion": true, "mutualReduction": true, "criticalCompositionsChecked": 4, "seconds": 0.0002635470000313944}
{"name": "homogenized-q-oscillator-1073741827", "modulus": 101, "degree": 8, "bits": 32, "workers": 4, "shared": true, "progressError": null, "passed": true, "independentCompletion": true, "mutualReduction": true, "criticalCompositionsChecked": 4, "seconds": 0.00028107200000704324}
{"name": "FK3", "modulus": 0, "degree": 7, "bits": 32, "workers": 4, "shared": true, "progressError": null, "passed": true, "independentCompletion": true, "mutualReduction": true, "criticalCompositionsChecked": 17, "seconds": 0.001009486999919318}
{"name": "FK3", "modulus": 2, "degree": 7, "bits": 32, "workers": 4, "shared": true, "progressError": null, "passed": true, "independentCompletion": true, "mutualReduction": true, "criticalCompositionsChecked": 17, "seconds": 0.0007246190000387287}
{"name": "FK3", "modulus": 101, "degree": 7, "bits": 32, "workers": 4, "shared": true, "progressError": null, "passed": true, "independentCompletion": true, "mutualReduction": true, "criticalCompositionsChecked": 17, "seconds": 0.0007103279999682854}
{"name": "FK4", "modulus": 0, "degree": 13, "bits": 32, "workers": 4, "shared": true, "progressError": null, "passed": true, "independentCompletion": true, "mutualReduction": true, "criticalCompositionsChecked": 133, "seconds": 0.018162995000011506}
{"name": "FK4", "modulus": 2, "degree": 13, "bits": 32, "workers": 4, "shared": true, "progressError": null, "passed": true, "independentCompletion": true, "mutualReduction": true, "criticalCompositionsChecked": 133, "seconds": 0.018103644999996504}
{"name": "FK4", "modulus": 101, "degree": 13, "bits": 32, "workers": 4, "shared": true, "progressError": null, "passed": true, "independentCompletion": true, "mutualReduction": true, "criticalCompositionsChecked": 133, "seconds": 0.02284385099994779}
{"name": "FK6-original-order", "modulus": 0, "degree": 4, "bits": 32, "workers": 4, "shared": true, "progressError": null, "passed": true, "independentCompletion": true, "mutualReduction": true, "criticalCompositionsChecked": 1558, "seconds": 0.7577569129999802}
{"name": "FK6-original-order", "modulus": 2, "degree": 4, "bits": 32, "workers": 4, "shared": true, "progressError": null, "passed": true, "independentCompletion": true, "mutualReduction": true, "criticalCompositionsChecked": 1558, "seconds": 1.6714079040000343}
{"name": "FK6-original-order", "modulus": 101, "degree": 4, "bits": 32, "workers": 4, "shared": true, "progressError": null, "passed": true, "independentCompletion": true, "mutualReduction": true, "criticalCompositionsChecked": 1558, "seconds": 1.6712828540000828}
{"name": "homogeneous-braid-3", "modulus": 0, "degree": 7, "bits": 32, "workers": 4, "shared": true, "progressError": null, "passed": true, "independentCompletion": true, "mutualReduction": true, "criticalCompositionsChecked": 8, "seconds": 0.0005926310000177182}
{"name": "homogeneous-braid-3", "modulus": 2, "degree": 7, "bits": 32, "workers": 4, "shared": true, "progressError": null, "passed": true, "independentCompletion": true, "mutualReduction": true, "criticalCompositionsChecked": 8, "seconds": 0.00029705599990847986}
{"name": "homogeneous-braid-3", "modulus": 101, "degree": 7, "bits": 32, "workers": 4, "shared": true, "progressError": null, "passed": true, "independentCompletion": true, "mutualReduction": true, "criticalCompositionsChecked": 8, "seconds": 0.0003041280000388724}
{"name": "long-word-33", "modulus": 0, "degree": 34, "bits": 32, "workers": 4, "shared": true, "progressError": null, "passed": true, "independentCompletion": true, "mutualReduction": true, "criticalCompositionsChecked": 3, "seconds": 0.0008564579999301714}

