{"elapsedMs":181.10559400000002,"type":"degree","basisSize":0,"terms":0,"completedThroughDegree":1,"currentDegree":0,"allocatedBytes":181836720,"budgetBytes":536870912,"diskBytes":0,"pairs":0,"monomialPairsPruned":0,"zeroCommits":0,"workers":4,"prefixNodes":0,"peakAllocatedBytes":181836720,"monomialPruning":true,"heapReduction":true,"reductions":0,"monomialTermsPruned":0,"diskReads":0,"diskReadBytes":0,"reducerCacheHits":0,"sharedReducerCacheBytes":33554432,"sharedReducerCacheUsedBytes":0,"rewriteDegree":4,"rewriteUsedBytes":0,"rewriteBudgetBytes":8388608,"rewriteEntries":0,"rewriteDeclined":0,"rewriteTableStatus":0,"rewriteSnapshot":0,"costScheduling":true,"wordCacheEntries":256,"wordCacheBytes":0,"chainPairsPruned":0,"matcherNodes":0,"matcherAllocatedBytes":0,"matcherBuilds":0,"matcherFallbacks":0,"hashProbes":0,"matcherQueries":0,"matcherCharacters":0,"wordCacheHits":0,"heapAttempts":0,"heapSuccesses":0,"heapFallbacks":0,"insertionPrunes":0,"commutingPrunes":0,"quadraticSwaps":0,"rationalHeapAttempts":0,"rationalHeapSuccesses":0,"rationalHeapFallbacks":0,"pinnedReducerHits":0,"localRewriteHits":0,"integerHeapSteps":0,"rationalHeapSteps":0,"scheduler":{"epochs":0,"dispatchedPairs":0,"rpcMessages":6,"reduceMs":0,"commitMs":0,"fallbacks":0}}
{"elapsedMs":184.057271,"type":"degree","basisSize":100,"terms":225,"completedThroughDegree":2,"currentDegree":0,"allocatedBytes":181922736,"budgetBytes":536870912,"diskBytes":8600,"pairs":0,"monomialPairsPruned":0,"zeroCommits":0,"workers":4,"prefixNodes":100,"peakAllocatedBytes":181922736,"monomialPruning":true,"heapReduction":true,"reductions":0,"monomialTermsPruned":0,"diskReads":0,"diskReadBytes":0,"reducerCacheHits":0,"sharedReducerCacheBytes":33554432,"sharedReducerCacheUsedBytes":8600,"rewriteDegree":4,"rewriteUsedBytes":0,"rewriteBudgetBytes":8388608,"rewriteEntries":0,"rewriteDeclined":0,"rewriteTableStatus":0,"rewriteSnapshot":0,"costScheduling":true,"wordCacheEntries":256,"wordCacheBytes":0,"chainPairsPruned":0,"matcherNodes":116,"matcherAllocatedBytes":20480,"matcherBuilds":1,"matcherFallbacks":0,"hashProbes":672,"matcherQueries":0,"matcherCharacters":0,"wordCacheHits":0,"heapAttempts":0,"heapSuccesses":0,"heapFallbacks":0,"insertionPrunes":0,"commutingPrunes":0,"quadraticSwaps":0,"rationalHeapAttempts":0,"rationalHeapSuccesses":0,"rationalHeapFallbacks":0,"pinnedReducerHits":0,"localRewriteHits":0,"integerHeapSteps":0,"rationalHeapSteps":0,"scheduler":{"epochs":0,"dispatchedPairs":0,"rpcMessages":6,"reduceMs":0,"commitMs":0,"fallbacks":0}}
{"elapsedMs":194.691221,"type":"degree","basisSize":176,"terms":446,"completedThroughDegree":3,"currentDegree":0,"allocatedBytes":181922736,"budgetBytes":536870912,"diskBytes":16336,"pairs":451,"monomialPairsPruned":15,"zeroCommits":375,"workers":4,"prefixNodes":252,"peakAllocatedBytes":181922736,"monomialPruning":true,"heapReduction":true,"reductions":2144,"monomialTermsPruned":250,"diskReads":0,"diskReadBytes":0,"reducerCacheHits":0,"sharedReducerCacheBytes":33554432,"sharedReducerCacheUsedBytes":16336,"rewriteDegree":4,"rewriteUsedBytes":0,"rewriteBudgetBytes":8388608,"rewriteEntries":0,"rewriteDeclined":0,"rewriteTableStatus":0,"rewriteSnapshot":0,"costScheduling":true,"wordCacheEntries":256,"wordCacheBytes":0,"chainPairsPruned":0,"matcherNodes":116,"matcherAllocatedBytes":20480,"matcherBuilds":1,"matcherFallbacks":0,"hashProbes":1191,"matcherQueries":2601,"matcherCharacters":6769,"wordCacheHits":18,"heapAttempts":0,"heapSuccesses":0,"heapFallbacks":0,"insertionPrunes":0,"commutingPrunes":0,"quadraticSwaps":0,"rationalHeapAttempts":0,"rationalHeapSuccesses":0,"rationalHeapFallbacks":0,"pinnedReducerHits":2796,"localRewriteHits":0,"integerHeapSteps":0,"rationalHeapSteps":0,"scheduler":{"epochs":15,"dispatchedPairs":451,"rpcMessages":50,"reduceMs":6.9685680000001184,"commitMs":0.6035909999998808,"fallbacks":0}}
{"elapsedMs":201.88958499999998,"type":"degree","basisSize":265,"terms":770,"completedThroughDegree":4,"currentDegree":0,"allocatedBytes":181963696,"budgetBytes":536870912,"diskBytes":26960,"pairs":1278,"monomialPairsPruned":15,"zeroCommits":1113,"workers":4,"prefixNodes":519,"peakAllocatedBytes":181963696,"monomialPruning":true,"heapReduction":true,"reductions":10717,"monomialTermsPruned":1304,"diskReads":0,"diskReadBytes":0,"reducerCacheHits":0,"sharedReducerCacheBytes":33554432,"sharedReducerCacheUsedBytes":26960,"rewriteDegree":4,"rewriteUsedBytes":0,"rewriteBudgetBytes":8388608,"rewriteEntries":0,"rewriteDeclined":0,"rewriteTableStatus":0,"rewriteSnapshot":0,"costScheduling":true,"wordCacheEntries":256,"wordCacheBytes":0,"chainPairsPruned":0,"matcherNodes":212,"matcherAllocatedBytes":61440,"matcherBuilds":2,"matcherFallbacks":0,"hashProbes":1977,"matcherQueries":11713,"matcherCharacters":36157,"wordCacheHits":158,"heapAttempts":3,"heapSuccesses":3,"heapFallbacks":0,"insertionPrunes":12,"commutingPrunes":0,"quadraticSwaps":27,"rationalHeapAttempts":0,"rationalHeapSuccesses":0,"rationalHeapFallbacks":0,"pinnedReducerHits":11981,"localRewriteHits":0,"integerHeapSteps":24,"rationalHeapSteps":0,"scheduler":{"epochs":41,"dispatchedPairs":1278,"rpcMessages":128,"reduceMs":11.226372999999967,"commitMs":2.0641439999997147,"fallbacks":0}}
{"elapsedMs":220.10912299999998,"type":"degree","basisSize":360,"terms":1232,"completedThroughDegree":5,"currentDegree":0,"allocatedBytes":182045616,"budgetBytes":536870912,"diskBytes":41088,"pairs":2725,"monomialPairsPruned":15,"zeroCommits":2465,"workers":4,"prefixNodes":899,"peakAllocatedBytes":182045616,"monomialPruning":true,"heapReduction":true,"reductions":38651,"monomialTermsPruned":5210,"diskReads":0,"diskReadBytes":0,"reducerCacheHits":0,"sharedReducerCacheBytes":33554432,"sharedReducerCacheUsedBytes":41088,"rewriteDegree":4,"rewriteUsedBytes":1819872,"rewriteBudgetBytes":8388608,"rewriteEntries":46534,"rewriteDeclined":260,"rewriteTableStatus":1,"rewriteSnapshot":265,"costScheduling":true,"wordCacheEntries":256,"wordCacheBytes":0,"chainPairsPruned":0,"matcherNodes":329,"matcherAllocatedBytes":143360,"matcherBuilds":3,"matcherFallbacks":0,"hashProbes":3129,"matcherQueries":87894,"matcherCharacters":275302,"wordCacheHits":286,"heapAttempts":225,"heapSuccesses":225,"heapFallbacks":0,"insertionPrunes":454,"commutingPrunes":56,"quadraticSwaps":2467,"rationalHeapAttempts":0,"rationalHeapSuccesses":0,"rationalHeapFallbacks":0,"pinnedReducerHits":82897,"localRewriteHits":3244,"integerHeapSteps":3289,"rationalHeapSteps":0,"scheduler":{"epochs":87,"dispatchedPairs":2725,"rpcMessages":266,"reduceMs":22.16114799999997,"commitMs":2.6854609999998615,"fallbacks":0}}
{"elapsedMs":244.725467,"type":"degree","basisSize":497,"terms":2294,"completedThroughDegree":6,"currentDegree":0,"allocatedBytes":182225840,"budgetBytes":536870912,"diskBytes":70960,"pairs":4996,"monomialPairsPruned":15,"zeroCommits":4599,"workers":4,"prefixNodes":1584,"peakAllocatedBytes":182225840,"monomialPruning":true,"heapReduction":true,"reductions":107653,"monomialTermsPruned":18033,"diskReads":0,"diskReadBytes":0,"reducerCacheHits":0,"sharedReducerCacheBytes":33554432,"sharedReducerCacheUsedBytes":70960,"rewriteDegree":4,"rewriteUsedBytes":1819872,"rewriteBudgetBytes":8388608,"rewriteEntries":46534,"rewriteDeclined":260,"rewriteTableStatus":1,"rewriteSnapshot":265,"costScheduling":true,"wordCacheEntries":256,"wordCacheBytes":0,"chainPairsPruned":9,"matcherNodes":465,"matcherAllocatedBytes":307200,"matcherBuilds":4,"matcherFallbacks":0,"hashProbes":5614,"matcherQueries":131616,"matcherCharacters":471868,"wordCacheHits":534,"heapAttempts":1073,"heapSuccesses":1073,"heapFallbacks":0,"insertionPrunes":6607,"commutingPrunes":1248,"quadraticSwaps":25558,"rationalHeapAttempts":0,"rationalHeapSuccesses":0,"rationalHeapFallbacks":0,"pinnedReducerHits":122672,"localRewriteHits":30536,"integerHeapSteps":31352,"rationalHeapSteps":0,"scheduler":{"epochs":158,"dispatchedPairs":4996,"rpcMessages":479,"reduceMs":42.339852000000064,"commitMs":3.7199639999996066,"fallbacks":0}}
{"elapsedMs":278.32323199999996,"type":"degree","basisSize":695,"terms":4808,"completedThroughDegree":7,"currentDegree":0,"allocatedBytes":182569904,"budgetBytes":536870912,"diskBytes":137632,"pairs":8811,"monomialPairsPruned":15,"zeroCommits":8216,"workers":4,"prefixNodes":2772,"peakAllocatedBytes":182569904,"monomialPruning":true,"heapReduction":true,"reductions":318170,"monomialTermsPruned":72526,"diskReads":0,"diskReadBytes":0,"reducerCacheHits":0,"sharedReducerCacheBytes":33554432,"sharedReducerCacheUsedBytes":137632,"rewriteDegree":4,"rewriteUsedBytes":1819872,"rewriteBudgetBytes":8388608,"rewriteEntries":46534,"rewriteDeclined":260,"rewriteTableStatus":1,"rewriteSnapshot":265,"costScheduling":true,"wordCacheEntries":256,"wordCacheBytes":0,"chainPairsPruned":34,"matcherNodes":673,"matcherAllocatedBytes":634880,"matcherBuilds":5,"matcherFallbacks":0,"hashProbes":11264,"matcherQueries":201222,"matcherCharacters":846066,"wordCacheHits":1161,"heapAttempts":3241,"heapSuccesses":3241,"heapFallbacks":0,"insertionPrunes":49815,"commutingPrunes":12629,"quadraticSwaps":152443,"rationalHeapAttempts":0,"rationalHeapSuccesses":0,"rationalHeapFallbacks":0,"pinnedReducerHits":185837,"localRewriteHits":175972,"integerHeapSteps":184270,"rationalHeapSteps":0,"scheduler":{"epochs":278,"dispatchedPairs":8811,"rpcMessages":839,"reduceMs":72.40493600000008,"commitMs":5.304521999999508,"fallbacks":0}}
{"elapsedMs":394.340137,"type":"degree","basisSize":990,"terms":11281,"completedThroughDegree":8,"currentDegree":0,"allocatedBytes":182602672,"budgetBytes":536870912,"diskBytes":302424,"pairs":15182,"monomialPairsPruned":15,"zeroCommits":14292,"workers":4,"prefixNodes":4837,"peakAllocatedBytes":182602672,"monomialPruning":true,"heapReduction":true,"reductions":1218059,"monomialTermsPruned":365372,"diskReads":0,"diskReadBytes":0,"reducerCacheHits":0,"sharedReducerCacheBytes":33554432,"sharedReducerCacheUsedBytes":302424,"rewriteDegree":4,"rewriteUsedBytes":1819872,"rewriteBudgetBytes":8388608,"rewriteEntries":46534,"rewriteDeclined":260,"rewriteTableStatus":1,"rewriteSnapshot":265,"costScheduling":true,"wordCacheEntries":256,"wordCacheBytes":0,"chainPairsPruned":135,"matcherNodes":994,"matcherAllocatedBytes":634880,"matcherBuilds":6,"matcherFallbacks":0,"hashProbes":25452,"matcherQueries":346334,"matcherCharacters":1818738,"wordCacheHits":7133,"heapAttempts":7880,"heapSuccesses":7880,"heapFallbacks":0,"insertionPrunes":317797,"commutingPrunes":94110,"quadraticSwaps":889081,"rationalHeapAttempts":0,"rationalHeapSuccesses":0,"rationalHeapFallbacks":0,"pinnedReducerHits":322363,"localRewriteHits":938255,"integerHeapSteps":1003049,"rationalHeapSteps":0,"scheduler":{"epochs":478,"dispatchedPairs":15182,"rpcMessages":1438,"reduceMs":178.54763500000018,"commitMs":8.651131999999336,"fallbacks":0}}
{"elapsedMs":896.269016,"type":"degree","basisSize":1451,"terms":29216,"completedThroughDegree":9,"currentDegree":0,"allocatedBytes":183372720,"budgetBytes":536870912,"diskBytes":747616,"pairs":25914,"monomialPairsPruned":15,"zeroCommits":24563,"workers":4,"prefixNodes":8525,"peakAllocatedBytes":183372720,"monomialPruning":true,"heapReduction":true,"reductions":5723839,"monomialTermsPruned":2122064,"diskReads":0,"diskReadBytes":0,"reducerCacheHits":0,"sharedReducerCacheBytes":33554432,"sharedReducerCacheUsedBytes":747616,"rewriteDegree":4,"rewriteUsedBytes":1819872,"rewriteBudgetBytes":8388608,"rewriteEntries":46534,"rewriteDeclined":260,"rewriteTableStatus":1,"rewriteSnapshot":265,"costScheduling":true,"wordCacheEntries":256,"wordCacheBytes":0,"chainPairsPruned":378,"matcherNodes":1474,"matcherAllocatedBytes":1290240,"matcherBuilds":7,"matcherFallbacks":0,"hashProbes":63973,"matcherQueries":815234,"matcherCharacters":5759734,"wordCacheHits":59947,"heapAttempts":16909,"heapSuccesses":16909,"heapFallbacks":0,"insertionPrunes":1983717,"commutingPrunes":644420,"quadraticSwaps":5031239,"rationalHeapAttempts":0,"rationalHeapSuccesses":0,"rationalHeapFallbacks":0,"pinnedReducerHits":808710,"localRewriteHits":4960552,"integerHeapSteps":5404614,"rationalHeapSteps":0,"scheduler":{"epochs":814,"dispatchedPairs":25914,"rpcMessages":2446,"reduceMs":653.0723030000003,"commitMs":17.063542000000552,"fallbacks":0}}
{"elapsedMs":3547.655713,"type":"degree","basisSize":2155,"terms":77662,"completedThroughDegree":10,"currentDegree":0,"allocatedBytes":184830896,"budgetBytes":536870912,"diskBytes":1932848,"pairs":44078,"monomialPairsPruned":15,"zeroCommits":42023,"workers":4,"prefixNodes":14861,"peakAllocatedBytes":184830896,"monomialPruning":true,"heapReduction":true,"reductions":31264758,"monomialTermsPruned":13536219,"diskReads":0,"diskReadBytes":0,"reducerCacheHits":0,"sharedReducerCacheBytes":33554432,"sharedReducerCacheUsedBytes":1932848,"rewriteDegree":4,"rewriteUsedBytes":1819872,"rewriteBudgetBytes":8388608,"rewriteEntries":46534,"rewriteDeclined":260,"rewriteTableStatus":1,"rewriteSnapshot":265,"costScheduling":true,"wordCacheEntries":256,"wordCacheBytes":0,"chainPairsPruned":928,"matcherNodes":2262,"matcherAllocatedBytes":2600960,"matcherBuilds":8,"matcherFallbacks":0,"hashProbes":170160,"matcherQueries":3327953,"matcherCharacters":30467836,"wordCacheHits":391330,"heapAttempts":33569,"heapSuccesses":33566,"heapFallbacks":3,"insertionPrunes":12877902,"commutingPrunes":4378646,"quadraticSwaps":29634985,"rationalHeapAttempts":3,"rationalHeapSuccesses":3,"rationalHeapFallbacks":0,"pinnedReducerHits":3560805,"localRewriteHits":27762122,"integerHeapSteps":30811881,"rationalHeapSteps":5191,"scheduler":{"epochs":1382,"dispatchedPairs":44078,"rpcMessages":4150,"reduceMs":3213.10337,"commitMs":38.97529300000235,"fallbacks":0}}
{"elapsedMs":20445.770791,"type":"degree","basisSize":3232,"terms":236305,"completedThroughDegree":11,"currentDegree":0,"allocatedBytes":187681712,"budgetBytes":536870912,"diskBytes":5774744,"pairs":74609,"monomialPairsPruned":15,"zeroCommits":71477,"workers":4,"prefixNodes":25631,"peakAllocatedBytes":187681712,"monomialPruning":true,"heapReduction":true,"reductions":195076371,"monomialTermsPruned":93368491,"diskReads":0,"diskReadBytes":0,"reducerCacheHits":0,"sharedReducerCacheBytes":33554432,"sharedReducerCacheUsedBytes":5774744,"rewriteDegree":4,"rewriteUsedBytes":1819872,"rewriteBudgetBytes":8388608,"rewriteEntries":46534,"rewriteDeclined":260,"rewriteTableStatus":1,"rewriteSnapshot":265,"costScheduling":true,"wordCacheEntries":256,"wordCacheBytes":0,"chainPairsPruned":2112,"matcherNodes":3497,"matcherAllocatedBytes":5222400,"matcherBuilds":9,"matcherFallbacks":0,"hashProbes":520182,"matcherQueries":31556235,"matcherCharacters":307700190,"wordCacheHits":1731051,"heapAttempts":63061,"heapSuccesses":62870,"heapFallbacks":191,"insertionPrunes":89271184,"commutingPrunes":31278037,"quadraticSwaps":181792316,"rationalHeapAttempts":191,"rationalHeapSuccesses":191,"rationalHeapFallbacks":0,"pinnedReducerHits":32820363,"localRewriteHits":162347161,"integerHeapSteps":183545028,"rationalHeapSteps":10930432,"scheduler":{"epochs":2337,"dispatchedPairs":74609,"rpcMessages":7014,"reduceMs":19763.87892699994,"commitMs":108.34696400003088,"fallbacks":0}}
Error: fomkyr: CANCELLED
    at checked (file:///mnt/data/work061/fomkyr/web/runtime.js:6:23)
    at Array.forEach (<anonymous>)
    at FomkyrEngine.completeDegree (file:///mnt/data/work061/fomkyr/web/engine.js:208:40)
    at async FomkyrEngine.compute (file:///mnt/data/work061/fomkyr/web/engine.js:285:101)
    at async file:///mnt/data/work061/fomkyr/tests/deep_trial.mjs:12:47 {
  code: 'CANCELLED',
  native: {
    basisSize: 4323,
    terms: 526579,
    completedThroughDegree: 11,
    currentDegree: 12,
    allocatedBytes: 187911088,
    budgetBytes: 536870912,
    diskBytes: 12776232,
    pairs: 77745,
    monomialPairsPruned: 15,
    zeroCommits: 73490,
    workers: 4,
    prefixNodes: 37632,
    peakAllocatedBytes: 187911088,
    monomialPruning: true,
    heapReduction: true,
    reductions: 402321579,
    monomialTermsPruned: 177985713,
    diskReads: 0,
    diskReadBytes: 0,
    reducerCacheHits: 0,
    sharedReducerCacheBytes: 33554432,
    sharedReducerCacheUsedBytes: 12776232,
    rewriteDegree: 4,
    rewriteUsedBytes: 1819872,
    rewriteBudgetBytes: 8388608,
    rewriteEntries: 46534,
    rewriteDeclined: 260,
    rewriteTableStatus: 1,
    rewriteSnapshot: 265,
    costScheduling: true,
    wordCacheEntries: 256,
    wordCacheBytes: 0,
    chainPairsPruned: 2112,
    matcherNodes: 5421,
    matcherAllocatedBytes: 5222400,
    matcherBuilds: 10,
    matcherFallbacks: 0,
    hashProbes: 1140428,
    matcherQueries: 158907673,
    matcherCharacters: 1452051168,
    wordCacheHits: 2149457,
    heapAttempts: 67197,
    heapSuccesses: 66757,
    heapFallbacks: 440,
    insertionPrunes: 171472865,
    commutingPrunes: 60726708,
    quadraticSwaps: 280445610,
    rationalHeapAttempts: 440,
    rationalHeapSuccesses: 439,
    rationalHeapFallbacks: 1,
    pinnedReducerHits: 159837912,
    localRewriteHits: 242444930,
    integerHeapSteps: 276611340,
    rationalHeapSteps: 124112163,
    complete: false,
    lastCheckpoint: {
      abi: 3,
      version: '0.6.0',
      identity: '17c5a3b13bbae1fd6e03ece75139f297d437bda2ae062b093d77a92f091b88bf',
      basisSize: 3232,
      terms: 236305,
      completedThroughDegree: 11,
      currentDegree: 0,
      allocatedBytes: 187681712,
      budgetBytes: 536870912,
      diskBytes: 5774744,
      pairs: 74609,
      monomialPairsPruned: 15,
      zeroCommits: 71477,
      workers: 4,
      prefixNodes: 25631,
      peakAllocatedBytes: 187681712,
      monomialPruning: true,
      heapReduction: true,
      reductions: 195076371,
      monomialTermsPruned: 93368491,
      diskReads: 0,
      diskReadBytes: 0,
      reducerCacheHits: 0,
      sharedReducerCacheBytes: 33554432,
      sharedReducerCacheUsedBytes: 5774744,
      rewriteDegree: 4,
      rewriteUsedBytes: 1819872,
      rewriteBudgetBytes: 8388608,
      rewriteEntries: 46534,
      rewriteDeclined: 260,
      rewriteTableStatus: 1,
      rewriteSnapshot: 265,
      costScheduling: true,
      wordCacheEntries: 256,
      wordCacheBytes: 0,
      chainPairsPruned: 2112,
      matcherNodes: 3497,
      matcherAllocatedBytes: 5222400,
      matcherBuilds: 9,
      matcherFallbacks: 0,
      hashProbes: 520182,
      matcherQueries: 31556235,
      matcherCharacters: 307700190,
      wordCacheHits: 1731051,
      heapAttempts: 63061,
      heapSuccesses: 62870,
      heapFallbacks: 191,
      insertionPrunes: 89271184,
      commutingPrunes: 31278037,
      quadraticSwaps: 181792316,
      rationalHeapAttempts: 191,
      rationalHeapSuccesses: 191,
      rationalHeapFallbacks: 0,
      pinnedReducerHits: 32820363,
      localRewriteHits: 162347161,
      integerHeapSteps: 183545028,
      rationalHeapSteps: 10930432,
      runKey: 'alg-17c5a3b13bbae1fd6e03ece75139f297d437bda2ae062b093d77a92f091b88bf',
      updatedAt: '2026-10-02T20:58:54.375Z'
    },
    runKey: 'alg-17c5a3b13bbae1fd6e03ece75139f297d437bda2ae062b093d77a92f091b88bf'
  }
}
{"status":"incomplete","elapsedMs":900309.205265,"error":"fomkyr: CANCELLED"}
