Error: fomkyr: CANCELLED
    at checked (file:///mnt/data/work061/fomkyr/web/runtime.js:6:23)
    at Array.forEach (<anonymous>)
    at FomkyrEngine.completeDegree (file:///mnt/data/work061/fomkyr/web/engine.js:209:40)
    at async FomkyrEngine.compute (file:///mnt/data/work061/fomkyr/web/engine.js:286:101)
    at async file:///mnt/data/work061/fomkyr/tests/deep_trial.mjs:13:47 {
  code: 'CANCELLED',
  native: {
    basisSize: 6169,
    terms: 1661423,
    completedThroughDegree: 12,
    currentDegree: 13,
    allocatedBytes: 188377328,
    budgetBytes: 536870912,
    diskBytes: 40071560,
    pairs: 3232,
    monomialPairsPruned: 0,
    zeroCommits: 1903,
    workers: 4,
    prefixNodes: 59235,
    peakAllocatedBytes: 188377328,
    rationalCompiledRewritesEnabled: true,
    modulus: 0,
    monomialPruning: true,
    heapReduction: true,
    reductions: 226853527,
    monomialTermsPruned: 120460920,
    diskReads: 286,
    diskReadBytes: 4074200,
    reducerCacheHits: 857,
    sharedReducerCacheBytes: 33554432,
    sharedReducerCacheUsedBytes: 33554392,
    rewriteDegree: 4,
    rewriteUsedBytes: 1819872,
    rewriteBudgetBytes: 8388608,
    rewriteEntries: 46534,
    rewriteDeclined: 260,
    rewriteTableStatus: 1,
    rewriteSnapshot: 265,
    costScheduling: true,
    wordCacheEntries: 256,
    wordCacheBytes: 0,
    chainPairsPruned: 0,
    matcherNodes: 8441,
    matcherAllocatedBytes: 5242880,
    matcherBuilds: 1,
    matcherFallbacks: 0,
    hashProbes: 2245058,
    matcherQueries: 30692055,
    matcherCharacters: 398130573,
    wordCacheHits: 658941,
    heapAttempts: 4481,
    heapSuccesses: 3358,
    heapFallbacks: 1123,
    insertionPrunes: 115854099,
    commutingPrunes: 45044114,
    quadraticSwaps: 78455518,
    rationalHeapAttempts: 1123,
    rationalHeapSuccesses: 1122,
    rationalHeapFallbacks: 1,
    pinnedReducerHits: 29432676,
    localRewriteHits: 197442359,
    integerHeapSteps: 63341464,
    rationalHeapSteps: 163298014,
    rationalCompiledRewriteHits: 146136956,
    rationalWorkspaceMisses: 0,
    rationalCoefficientMisses: 0,
    rationalArithmeticMisses: 0,
    rationalTableRetries: 4503,
    complete: false,
    lastCheckpoint: {
      abi: 3,
      version: '0.6.1',
      identity: '17c5a3b13bbae1fd6e03ece75139f297d437bda2ae062b093d77a92f091b88bf',
      basisSize: 4872,
      terms: 790423,
      completedThroughDegree: 12,
      currentDegree: 0,
      allocatedBytes: 185411824,
      budgetBytes: 536870912,
      diskBytes: 19126056,
      pairs: 51173,
      monomialPairsPruned: 0,
      zeroCommits: 49533,
      workers: 4,
      prefixNodes: 43671,
      peakAllocatedBytes: 185411824,
      rationalCompiledRewritesEnabled: true,
      modulus: 0,
      monomialPruning: true,
      heapReduction: true,
      reductions: 1289499344,
      monomialTermsPruned: 643512760,
      diskReads: 0,
      diskReadBytes: 0,
      reducerCacheHits: 0,
      sharedReducerCacheBytes: 33554432,
      sharedReducerCacheUsedBytes: 19126056,
      rewriteDegree: 4,
      rewriteUsedBytes: 1819872,
      rewriteBudgetBytes: 8388608,
      rewriteEntries: 46534,
      rewriteDeclined: 260,
      rewriteTableStatus: 1,
      rewriteSnapshot: 265,
      costScheduling: true,
      wordCacheEntries: 256,
      wordCacheBytes: 0,
      chainPairsPruned: 2369,
      matcherNodes: 5421,
      matcherAllocatedBytes: 2621440,
      matcherBuilds: 1,
      matcherFallbacks: 0,
      hashProbes: 1550232,
      matcherQueries: 145333595,
      matcherCharacters: 1742752060,
      wordCacheHits: 4311573,
      heapAttempts: 50918,
      heapSuccesses: 47545,
      heapFallbacks: 3373,
      insertionPrunes: 615973509,
      commutingPrunes: 226204927,
      quadraticSwaps: 911413753,
      rationalHeapAttempts: 3373,
      rationalHeapSuccesses: 3373,
      rationalHeapFallbacks: 0,
      pinnedReducerHits: 148576525,
      localRewriteHits: 1141041685,
      integerHeapSteps: 882128236,
      rationalHeapSteps: 407206717,
      rationalCompiledRewriteHits: 376176272,
      rationalWorkspaceMisses: 0,
      rationalCoefficientMisses: 0,
      rationalArithmeticMisses: 0,
      rationalTableRetries: 14312,
      runKey: 'alg-17c5a3b13bbae1fd6e03ece75139f297d437bda2ae062b093d77a92f091b88bf',
      updatedAt: '2026-10-02T21:28:16.213Z'
    },
    runKey: 'alg-17c5a3b13bbae1fd6e03ece75139f297d437bda2ae062b093d77a92f091b88bf'
  }
}
{"status":"incomplete","elapsedMs":120288.600151,"error":"fomkyr: CANCELLED"}
