{"name": "commuting-polynomial-4", "modulus": 0, "degree": 8, "bits": 32, "workers": 4, "shared": true, "progressError": null, "passed": true, "independentCompletion": true, "mutualReduction": true, "criticalCompositionsChecked": 10, "seconds": 0.0008209439999973256}
{"name": "commuting-polynomial-4", "modulus": 2, "degree": 8, "bits": 32, "workers": 4, "shared": true, "progressError": null, "passed": true, "independentCompletion": true, "mutualReduction": true, "criticalCompositionsChecked": 10, "seconds": 0.0005862409998371731}
{"name": "commuting-polynomial-4", "modulus": 101, "degree": 8, "bits": 32, "workers": 4, "shared": true, "progressError": null, "passed": true, "independentCompletion": true, "mutualReduction": true, "criticalCompositionsChecked": 10, "seconds": 0.0005213540000568173}
{"name": "exterior-6", "modulus": 0, "degree": 8, "bits": 32, "workers": 4, "shared": true, "progressError": null, "passed": true, "independentCompletion": true, "mutualReduction": true, "criticalCompositionsChecked": 77, "seconds": 0.004814948000102959}
{"name": "exterior-6", "modulus": 2, "degree": 8, "bits": 32, "workers": 4, "shared": true, "progressError": null, "passed": true, "independentCompletion": true, "mutualReduction": true, "criticalCompositionsChecked": 77, "seconds": 0.00604078100013794}
{"name": "exterior-6", "modulus": 101, "degree": 8, "bits": 32, "workers": 4, "shared": true, "progressError": null, "passed": true, "independentCompletion": true, "mutualReduction": true, "criticalCompositionsChecked": 77, "seconds": 0.006349505000116551}
{"name": "homogenized-Weyl-1-mode", "modulus": 0, "degree": 8, "bits": 32, "workers": 4, "shared": true, "progressError": null, "passed": true, "independentCompletion": true, "mutualReduction": true, "criticalCompositionsChecked": 4, "seconds": 0.0003467710000677471}
{"name": "homogenized-Weyl-1-mode", "modulus": 2, "degree": 8, "bits": 32, "workers": 4, "shared": true, "progressError": null, "passed": true, "independentCompletion": true, "mutualReduction": true, "criticalCompositionsChecked": 4, "seconds": 0.00019349099989085516}
{"name": "homogenized-Weyl-1-mode", "modulus": 101, "degree": 8, "bits": 32, "workers": 4, "shared": true, "progressError": null, "passed": true, "independentCompletion": true, "mutualReduction": true, "criticalCompositionsChecked": 4, "seconds": 0.00019117699980597536}
{"name": "homogenized-Weyl-2-mode", "modulus": 0, "degree": 8, "bits": 32, "workers": 4, "shared": true, "progressError": null, "passed": true, "independentCompletion": true, "mutualReduction": true, "criticalCompositionsChecked": 20, "seconds": 0.0015409770001042489}
{"name": "homogenized-Weyl-2-mode", "modulus": 2, "degree": 8, "bits": 32, "workers": 4, "shared": true, "progressError": null, "passed": true, "independentCompletion": true, "mutualReduction": true, "criticalCompositionsChecked": 20, "seconds": 0.001336308999952962}
{"name": "homogenized-Weyl-2-mode", "modulus": 101, "degree": 8, "bits": 32, "workers": 4, "shared": true, "progressError": null, "passed": true, "independentCompletion": true, "mutualReduction": true, "criticalCompositionsChecked": 20, "seconds": 0.0013160680000510183}
{"name": "homogenized-Clifford-4", "modulus": 0, "degree": 8, "bits": 32, "workers": 4, "shared": true, "progressError": null, "passed": true, "independentCompletion": true, "mutualReduction": true, "criticalCompositionsChecked": 44, "seconds": 0.0032388690001425857}
{"name": "homogenized-Clifford-4", "modulus": 2, "degree": 8, "bits": 32, "workers": 4, "shared": true, "progressError": null, "passed": true, "independentCompletion": true, "mutualReduction": true, "criticalCompositionsChecked": 44, "seconds": 0.002931837000005544}
{"name": "homogenized-Clifford-4", "modulus": 101, "degree": 8, "bits": 32, "workers": 4, "shared": true, "progressError": null, "passed": true, "independentCompletion": true, "mutualReduction": true, "criticalCompositionsChecked": 44, "seconds": 0.00287396999988232}
{"name": "homogenized-sl2", "modulus": 0, "degree": 8, "bits": 32, "workers": 4, "shared": true, "progressError": null, "passed": true, "independentCompletion": true, "mutualReduction": true, "criticalCompositionsChecked": 10, "seconds": 0.000834725000004255}
{"name": "homogenized-sl2", "modulus": 2, "degree": 8, "bits": 32, "workers": 4, "shared": true, "progressError": null, "passed": true, "independentCompletion": true, "mutualReduction": true, "criticalCompositionsChecked": 10, "seconds": 0.0005137729999660223}
{"name": "homogenized-sl2", "modulus": 101, "degree": 8, "bits": 32, "workers": 4, "shared": true, "progressError": null, "passed": true, "independentCompletion": true, "mutualReduction": true, "criticalCompositionsChecked": 10, "seconds": 0.0005472719999488618}
{"name": "homogenized-q-oscillator-2", "modulus": 0, "degree": 8, "bits": 32, "workers": 4, "shared": true, "progressError": null, "passed": true, "independentCompletion": true, "mutualReduction": true, "criticalCompositionsChecked": 4, "seconds": 0.0002958349998607446}
{"name": "homogenized-q-oscillator-2", "modulus": 2, "degree": 8, "bits": 32, "workers": 4, "shared": true, "progressError": null, "passed": true, "independentCompletion": true, "mutualReduction": true, "criticalCompositionsChecked": 4, "seconds": 0.00018260399997416243}
{"name": "homogenized-q-oscillator-2", "modulus": 101, "degree": 8, "bits": 32, "workers": 4, "shared": true, "progressError": null, "passed": true, "independentCompletion": true, "mutualReduction": true, "criticalCompositionsChecked": 4, "seconds": 0.0001786880000054225}
{"name": "homogenized-q-oscillator-1073741827", "modulus": 0, "degree": 8, "bits": 32, "workers": 4, "shared": true, "progressError": null, "passed": true, "independentCompletion": true, "mutualReduction": true, "criticalCompositionsChecked": 4, "seconds": 0.0002968259998397116}
{"name": "homogenized-q-oscillator-1073741827", "modulus": 2, "degree": 8, "bits": 32, "workers": 4, "shared": true, "progressError": null, "passed": true, "independentCompletion": true, "mutualReduction": true, "criticalCompositionsChecked": 4, "seconds": 0.00018255399982081144}
{"name": "homogenized-q-oscillator-1073741827", "modulus": 101, "degree": 8, "bits": 32, "workers": 4, "shared": true, "progressError": null, "passed": true, "independentCompletion": true, "mutualReduction": true, "criticalCompositionsChecked": 4, "seconds": 0.00019100700001217774}
{"name": "FK3", "modulus": 0, "degree": 7, "bits": 32, "workers": 4, "shared": true, "progressError": null, "passed": true, "independentCompletion": true, "mutualReduction": true, "criticalCompositionsChecked": 17, "seconds": 0.000904500000160624}
{"name": "FK3", "modulus": 2, "degree": 7, "bits": 32, "workers": 4, "shared": true, "progressError": null, "passed": true, "independentCompletion": true, "mutualReduction": true, "criticalCompositionsChecked": 17, "seconds": 0.0006667220000053931}
{"name": "FK3", "modulus": 101, "degree": 7, "bits": 32, "workers": 4, "shared": true, "progressError": null, "passed": true, "independentCompletion": true, "mutualReduction": true, "criticalCompositionsChecked": 17, "seconds": 0.000780364000092959}
{"name": "FK4", "modulus": 0, "degree": 13, "bits": 32, "workers": 4, "shared": true, "progressError": null, "passed": true, "independentCompletion": true, "mutualReduction": true, "criticalCompositionsChecked": 133, "seconds": 0.01777029400000174}
{"name": "FK4", "modulus": 2, "degree": 13, "bits": 32, "workers": 4, "shared": true, "progressError": null, "passed": true, "independentCompletion": true, "mutualReduction": true, "criticalCompositionsChecked": 133, "seconds": 0.018093670000098427}
{"name": "FK4", "modulus": 101, "degree": 13, "bits": 32, "workers": 4, "shared": true, "progressError": null, "passed": true, "independentCompletion": true, "mutualReduction": true, "criticalCompositionsChecked": 133, "seconds": 0.018298058000027595}
{"name": "FK6-original-order", "modulus": 0, "degree": 4, "bits": 32, "workers": 4, "shared": true, "progressError": null, "passed": true, "independentCompletion": true, "mutualReduction": true, "criticalCompositionsChecked": 1558, "seconds": 0.7520280509997974}
{"name": "FK6-original-order", "modulus": 2, "degree": 4, "bits": 32, "workers": 4, "shared": true, "progressError": null, "passed": true, "independentCompletion": true, "mutualReduction": true, "criticalCompositionsChecked": 1558, "seconds": 1.588430032000133}
{"name": "FK6-original-order", "modulus": 101, "degree": 4, "bits": 32, "workers": 4, "shared": true, "progressError": null, "passed": true, "independentCompletion": true, "mutualReduction": true, "criticalCompositionsChecked": 1558, "seconds": 1.604922194999972}
{"name": "homogeneous-braid-3", "modulus": 0, "degree": 7, "bits": 32, "workers": 4, "shared": true, "progressError": null, "passed": true, "independentCompletion": true, "mutualReduction": true, "criticalCompositionsChecked": 8, "seconds": 0.0005598919999556529}
{"name": "homogeneous-braid-3", "modulus": 2, "degree": 7, "bits": 32, "workers": 4, "shared": true, "progressError": null, "passed": true, "independentCompletion": true, "mutualReduction": true, "criticalCompositionsChecked": 8, "seconds": 0.0002930999999080086}
{"name": "homogeneous-braid-3", "modulus": 101, "degree": 7, "bits": 32, "workers": 4, "shared": true, "progressError": null, "passed": true, "independentCompletion": true, "mutualReduction": true, "criticalCompositionsChecked": 8, "seconds": 0.00025190900009874895}
{"name": "long-word-33", "modulus": 0, "degree": 34, "bits": 32, "workers": 4, "shared": true, "progressError": null, "passed": true, "independentCompletion": true, "mutualReduction": true, "criticalCompositionsChecked": 3, "seconds": 0.0007930919998671015}

