{"name": "commuting-polynomial-4", "modulus": 0, "field": "Q", "degree": 8, "passed": true, "rules": 6, "criticalCompositionsChecked": 10, "independentCompletion": true, "mutualReductionWithPlainAndOracle": true, "seconds": 0.003222003000018958}
{"name": "commuting-polynomial-4", "modulus": 2, "field": "F2", "degree": 8, "passed": true, "rules": 6, "criticalCompositionsChecked": 10, "independentCompletion": true, "mutualReductionWithPlainAndOracle": true, "seconds": 0.002115780999929484}
{"name": "commuting-polynomial-4", "modulus": 101, "field": "F101", "degree": 8, "passed": true, "rules": 6, "criticalCompositionsChecked": 10, "independentCompletion": true, "mutualReductionWithPlainAndOracle": true, "seconds": 0.0018039719998341752}
{"name": "exterior-6", "modulus": 0, "field": "Q", "degree": 8, "passed": true, "rules": 21, "criticalCompositionsChecked": 77, "independentCompletion": true, "mutualReductionWithPlainAndOracle": true, "seconds": 0.007463919999963764}
{"name": "exterior-6", "modulus": 2, "field": "F2", "degree": 8, "passed": true, "rules": 21, "criticalCompositionsChecked": 77, "independentCompletion": true, "mutualReductionWithPlainAndOracle": true, "seconds": 0.008659178000016254}
{"name": "exterior-6", "modulus": 101, "field": "F101", "degree": 8, "passed": true, "rules": 21, "criticalCompositionsChecked": 77, "independentCompletion": true, "mutualReductionWithPlainAndOracle": true, "seconds": 0.011416801999985182}
{"name": "homogenized-Weyl-1-mode", "modulus": 0, "field": "Q", "degree": 8, "passed": true, "rules": 3, "criticalCompositionsChecked": 4, "independentCompletion": true, "mutualReductionWithPlainAndOracle": true, "seconds": 0.0017939960000603605}
{"name": "homogenized-Weyl-1-mode", "modulus": 2, "field": "F2", "degree": 8, "passed": true, "rules": 3, "criticalCompositionsChecked": 4, "independentCompletion": true, "mutualReductionWithPlainAndOracle": true, "seconds": 0.0016239919998497498}
{"name": "homogenized-Weyl-1-mode", "modulus": 101, "field": "F101", "degree": 8, "passed": true, "rules": 3, "criticalCompositionsChecked": 4, "independentCompletion": true, "mutualReductionWithPlainAndOracle": true, "seconds": 0.0013202650000039284}
{"name": "homogenized-Weyl-2-mode", "modulus": 0, "field": "Q", "degree": 8, "passed": true, "rules": 10, "criticalCompositionsChecked": 20, "independentCompletion": true, "mutualReductionWithPlainAndOracle": true, "seconds": 0.0031819130001622398}
{"name": "homogenized-Weyl-2-mode", "modulus": 2, "field": "F2", "degree": 8, "passed": true, "rules": 10, "criticalCompositionsChecked": 20, "independentCompletion": true, "mutualReductionWithPlainAndOracle": true, "seconds": 0.002952728999844112}
{"name": "homogenized-Weyl-2-mode", "modulus": 101, "field": "F101", "degree": 8, "passed": true, "rules": 10, "criticalCompositionsChecked": 20, "independentCompletion": true, "mutualReductionWithPlainAndOracle": true, "seconds": 0.0030571160000363307}
{"name": "homogenized-Clifford-4", "modulus": 0, "field": "Q", "degree": 8, "passed": true, "rules": 14, "criticalCompositionsChecked": 44, "independentCompletion": true, "mutualReductionWithPlainAndOracle": true, "seconds": 0.00746245799996359}
{"name": "homogenized-Clifford-4", "modulus": 2, "field": "F2", "degree": 8, "passed": true, "rules": 14, "criticalCompositionsChecked": 44, "independentCompletion": true, "mutualReductionWithPlainAndOracle": true, "seconds": 0.0051654750000125205}
{"name": "homogenized-Clifford-4", "modulus": 101, "field": "F101", "degree": 8, "passed": true, "rules": 14, "criticalCompositionsChecked": 44, "independentCompletion": true, "mutualReductionWithPlainAndOracle": true, "seconds": 0.005486377000124776}
{"name": "homogenized-sl2", "modulus": 0, "field": "Q", "degree": 8, "passed": true, "rules": 6, "criticalCompositionsChecked": 10, "independentCompletion": true, "mutualReductionWithPlainAndOracle": true, "seconds": 0.0024461069999688334}
{"name": "homogenized-sl2", "modulus": 2, "field": "F2", "degree": 8, "passed": true, "rules": 6, "criticalCompositionsChecked": 10, "independentCompletion": true, "mutualReductionWithPlainAndOracle": true, "seconds": 0.0020527650001440634}
{"name": "homogenized-sl2", "modulus": 101, "field": "F101", "degree": 8, "passed": true, "rules": 6, "criticalCompositionsChecked": 10, "independentCompletion": true, "mutualReductionWithPlainAndOracle": true, "seconds": 0.0018756389999907697}
{"name": "homogenized-q-oscillator-2", "modulus": 0, "field": "Q", "degree": 8, "passed": true, "rules": 3, "criticalCompositionsChecked": 4, "independentCompletion": true, "mutualReductionWithPlainAndOracle": true, "seconds": 0.001450499999918975}
{"name": "homogenized-q-oscillator-2", "modulus": 2, "field": "F2", "degree": 8, "passed": true, "rules": 3, "criticalCompositionsChecked": 4, "independentCompletion": true, "mutualReductionWithPlainAndOracle": true, "seconds": 0.0012807660000362375}
{"name": "homogenized-q-oscillator-2", "modulus": 101, "field": "F101", "degree": 8, "passed": true, "rules": 3, "criticalCompositionsChecked": 4, "independentCompletion": true, "mutualReductionWithPlainAndOracle": true, "seconds": 0.0014866249998704006}
{"name": "homogenized-q-oscillator-1073741827", "modulus": 0, "field": "Q", "degree": 8, "passed": true, "rules": 3, "criticalCompositionsChecked": 4, "independentCompletion": true, "mutualReductionWithPlainAndOracle": true, "seconds": 0.0018113720000201283}
{"name": "homogenized-q-oscillator-1073741827", "modulus": 2, "field": "F2", "degree": 8, "passed": true, "rules": 3, "criticalCompositionsChecked": 4, "independentCompletion": true, "mutualReductionWithPlainAndOracle": true, "seconds": 0.0013512509999600297}
{"name": "homogenized-q-oscillator-1073741827", "modulus": 101, "field": "F101", "degree": 8, "passed": true, "rules": 3, "criticalCompositionsChecked": 4, "independentCompletion": true, "mutualReductionWithPlainAndOracle": true, "seconds": 0.0014092080000409624}
{"name": "FK3", "modulus": 0, "field": "Q", "degree": 7, "passed": true, "rules": 6, "criticalCompositionsChecked": 17, "independentCompletion": true, "mutualReductionWithPlainAndOracle": true, "seconds": 0.002137733999916236}
{"name": "FK3", "modulus": 2, "field": "F2", "degree": 7, "passed": true, "rules": 6, "criticalCompositionsChecked": 17, "independentCompletion": true, "mutualReductionWithPlainAndOracle": true, "seconds": 0.0019909529999040387}
{"name": "FK3", "modulus": 101, "field": "F101", "degree": 7, "passed": true, "rules": 6, "criticalCompositionsChecked": 17, "independentCompletion": true, "mutualReductionWithPlainAndOracle": true, "seconds": 0.0024688119999609626}
{"name": "FK4", "modulus": 0, "field": "Q", "degree": 13, "passed": true, "rules": 25, "criticalCompositionsChecked": 133, "independentCompletion": true, "mutualReductionWithPlainAndOracle": true, "seconds": 0.02142925299995113}
{"name": "FK4", "modulus": 2, "field": "F2", "degree": 13, "passed": true, "rules": 25, "criticalCompositionsChecked": 133, "independentCompletion": true, "mutualReductionWithPlainAndOracle": true, "seconds": 0.022610529000075985}
{"name": "FK4", "modulus": 101, "field": "F101", "degree": 13, "passed": true, "rules": 25, "criticalCompositionsChecked": 133, "independentCompletion": true, "mutualReductionWithPlainAndOracle": true, "seconds": 0.02218627099978221}
{"name": "FK6-original-order", "modulus": 0, "field": "Q", "degree": 4, "passed": true, "rules": 265, "criticalCompositionsChecked": 1558, "independentCompletion": true, "mutualReductionWithPlainAndOracle": true, "seconds": 0.842870898000001}
{"name": "FK6-original-order", "modulus": 2, "field": "F2", "degree": 4, "passed": true, "rules": 265, "criticalCompositionsChecked": 1558, "independentCompletion": true, "mutualReductionWithPlainAndOracle": true, "seconds": 1.834431780999921}
{"name": "FK6-original-order", "modulus": 101, "field": "F101", "degree": 4, "passed": true, "rules": 265, "criticalCompositionsChecked": 1558, "independentCompletion": true, "mutualReductionWithPlainAndOracle": true, "seconds": 1.818388098000014}
{"name": "homogeneous-braid-3", "modulus": 0, "field": "Q", "degree": 7, "passed": true, "rules": 4, "criticalCompositionsChecked": 8, "independentCompletion": true, "mutualReductionWithPlainAndOracle": true, "seconds": 0.002003151000053549}
{"name": "homogeneous-braid-3", "modulus": 2, "field": "F2", "degree": 7, "passed": true, "rules": 4, "criticalCompositionsChecked": 8, "independentCompletion": true, "mutualReductionWithPlainAndOracle": true, "seconds": 0.0013894689998323884}
{"name": "homogeneous-braid-3", "modulus": 101, "field": "F101", "degree": 7, "passed": true, "rules": 4, "criticalCompositionsChecked": 8, "independentCompletion": true, "mutualReductionWithPlainAndOracle": true, "seconds": 0.0013516820001768792}
{"name": "long-word-33", "modulus": 0, "field": "Q", "degree": 34, "passed": true, "rules": 2, "criticalCompositionsChecked": 3, "independentCompletion": true, "mutualReductionWithPlainAndOracle": true, "seconds": 0.002613478999819563}
PASSED 37 case/field combinations
